Archive member included to satisfy reference by file (symbol)

C:/ST/STM32CubeIDE_1.18.1/STM32CubeIDE/plugins/com.st.stm32cube.ide.mcu.externaltools.gnu-tools-for-stm32.13.3.rel1.win32_1.0.0.202411081344/tools/bin/../lib/gcc/arm-none-eabi/13.3.1/../../../../arm-none-eabi/lib/thumb/v7e-m+fp/hard\libc_nano.a(libc_a-exit.o)
                              C:/ST/STM32CubeIDE_1.18.1/STM32CubeIDE/plugins/com.st.stm32cube.ide.mcu.externaltools.gnu-tools-for-stm32.13.3.rel1.win32_1.0.0.202411081344/tools/bin/../lib/gcc/arm-none-eabi/13.3.1/../../../../arm-none-eabi/lib/thumb/v7e-m+fp/hard/crt0.o (exit)
C:/ST/STM32CubeIDE_1.18.1/STM32CubeIDE/plugins/com.st.stm32cube.ide.mcu.externaltools.gnu-tools-for-stm32.13.3.rel1.win32_1.0.0.202411081344/tools/bin/../lib/gcc/arm-none-eabi/13.3.1/../../../../arm-none-eabi/lib/thumb/v7e-m+fp/hard\libc_nano.a(libc_a-findfp.o)
                              C:/ST/STM32CubeIDE_1.18.1/STM32CubeIDE/plugins/com.st.stm32cube.ide.mcu.externaltools.gnu-tools-for-stm32.13.3.rel1.win32_1.0.0.202411081344/tools/bin/../lib/gcc/arm-none-eabi/13.3.1/../../../../arm-none-eabi/lib/thumb/v7e-m+fp/hard\libc_nano.a(libc_a-exit.o) (__stdio_exit_handler)
C:/ST/STM32CubeIDE_1.18.1/STM32CubeIDE/plugins/com.st.stm32cube.ide.mcu.externaltools.gnu-tools-for-stm32.13.3.rel1.win32_1.0.0.202411081344/tools/bin/../lib/gcc/arm-none-eabi/13.3.1/../../../../arm-none-eabi/lib/thumb/v7e-m+fp/hard\libc_nano.a(libc_a-fwalk.o)
                              C:/ST/STM32CubeIDE_1.18.1/STM32CubeIDE/plugins/com.st.stm32cube.ide.mcu.externaltools.gnu-tools-for-stm32.13.3.rel1.win32_1.0.0.202411081344/tools/bin/../lib/gcc/arm-none-eabi/13.3.1/../../../../arm-none-eabi/lib/thumb/v7e-m+fp/hard\libc_nano.a(libc_a-findfp.o) (_fwalk_sglue)
C:/ST/STM32CubeIDE_1.18.1/STM32CubeIDE/plugins/com.st.stm32cube.ide.mcu.externaltools.gnu-tools-for-stm32.13.3.rel1.win32_1.0.0.202411081344/tools/bin/../lib/gcc/arm-none-eabi/13.3.1/../../../../arm-none-eabi/lib/thumb/v7e-m+fp/hard\libc_nano.a(libc_a-stdio.o)
                              C:/ST/STM32CubeIDE_1.18.1/STM32CubeIDE/plugins/com.st.stm32cube.ide.mcu.externaltools.gnu-tools-for-stm32.13.3.rel1.win32_1.0.0.202411081344/tools/bin/../lib/gcc/arm-none-eabi/13.3.1/../../../../arm-none-eabi/lib/thumb/v7e-m+fp/hard\libc_nano.a(libc_a-findfp.o) (__sread)
C:/ST/STM32CubeIDE_1.18.1/STM32CubeIDE/plugins/com.st.stm32cube.ide.mcu.externaltools.gnu-tools-for-stm32.13.3.rel1.win32_1.0.0.202411081344/tools/bin/../lib/gcc/arm-none-eabi/13.3.1/../../../../arm-none-eabi/lib/thumb/v7e-m+fp/hard\libc_nano.a(libc_a-memset.o)
                              C:/ST/STM32CubeIDE_1.18.1/STM32CubeIDE/plugins/com.st.stm32cube.ide.mcu.externaltools.gnu-tools-for-stm32.13.3.rel1.win32_1.0.0.202411081344/tools/bin/../lib/gcc/arm-none-eabi/13.3.1/../../../../arm-none-eabi/lib/thumb/v7e-m+fp/hard/crt0.o (memset)
C:/ST/STM32CubeIDE_1.18.1/STM32CubeIDE/plugins/com.st.stm32cube.ide.mcu.externaltools.gnu-tools-for-stm32.13.3.rel1.win32_1.0.0.202411081344/tools/bin/../lib/gcc/arm-none-eabi/13.3.1/../../../../arm-none-eabi/lib/thumb/v7e-m+fp/hard\libc_nano.a(libc_a-closer.o)
                              C:/ST/STM32CubeIDE_1.18.1/STM32CubeIDE/plugins/com.st.stm32cube.ide.mcu.externaltools.gnu-tools-for-stm32.13.3.rel1.win32_1.0.0.202411081344/tools/bin/../lib/gcc/arm-none-eabi/13.3.1/../../../../arm-none-eabi/lib/thumb/v7e-m+fp/hard\libc_nano.a(libc_a-stdio.o) (_close_r)
C:/ST/STM32CubeIDE_1.18.1/STM32CubeIDE/plugins/com.st.stm32cube.ide.mcu.externaltools.gnu-tools-for-stm32.13.3.rel1.win32_1.0.0.202411081344/tools/bin/../lib/gcc/arm-none-eabi/13.3.1/../../../../arm-none-eabi/lib/thumb/v7e-m+fp/hard\libc_nano.a(libc_a-reent.o)
                              C:/ST/STM32CubeIDE_1.18.1/STM32CubeIDE/plugins/com.st.stm32cube.ide.mcu.externaltools.gnu-tools-for-stm32.13.3.rel1.win32_1.0.0.202411081344/tools/bin/../lib/gcc/arm-none-eabi/13.3.1/../../../../arm-none-eabi/lib/thumb/v7e-m+fp/hard\libc_nano.a(libc_a-closer.o) (errno)
C:/ST/STM32CubeIDE_1.18.1/STM32CubeIDE/plugins/com.st.stm32cube.ide.mcu.externaltools.gnu-tools-for-stm32.13.3.rel1.win32_1.0.0.202411081344/tools/bin/../lib/gcc/arm-none-eabi/13.3.1/../../../../arm-none-eabi/lib/thumb/v7e-m+fp/hard\libc_nano.a(libc_a-impure.o)
                              C:/ST/STM32CubeIDE_1.18.1/STM32CubeIDE/plugins/com.st.stm32cube.ide.mcu.externaltools.gnu-tools-for-stm32.13.3.rel1.win32_1.0.0.202411081344/tools/bin/../lib/gcc/arm-none-eabi/13.3.1/../../../../arm-none-eabi/lib/thumb/v7e-m+fp/hard\libc_nano.a(libc_a-reent.o) (_impure_ptr)
C:/ST/STM32CubeIDE_1.18.1/STM32CubeIDE/plugins/com.st.stm32cube.ide.mcu.externaltools.gnu-tools-for-stm32.13.3.rel1.win32_1.0.0.202411081344/tools/bin/../lib/gcc/arm-none-eabi/13.3.1/../../../../arm-none-eabi/lib/thumb/v7e-m+fp/hard\libc_nano.a(libc_a-lseekr.o)
[...]
Memory Configuration

Name             Origin             Length             Attributes
RAM              0x20000000         0x00008000         xrw
FLASH            0x08000000         0x00020000         xr
*default*        0x00000000         0xffffffff

Linker script and memory map

LOAD C:/ST/STM32CubeIDE_1.18.1/STM32CubeIDE/plugins/com.st.stm32cube.ide.mcu.externaltools.gnu-tools-for-stm32.13.3.rel1.win32_1.0.0.202411081344/tools/bin/../lib/gcc/arm-none-eabi/13.3.1/thumb/v7e-m+fp/hard/crti.o
LOAD C:/ST/STM32CubeIDE_1.18.1/STM32CubeIDE/plugins/com.st.stm32cube.ide.mcu.externaltools.gnu-tools-for-stm32.13.3.rel1.win32_1.0.0.202411081344/tools/bin/../lib/gcc/arm-none-eabi/13.3.1/thumb/v7e-m+fp/hard/crtbegin.o
LOAD C:/ST/STM32CubeIDE_1.18.1/STM32CubeIDE/plugins/com.st.stm32cube.ide.mcu.externaltools.gnu-tools-for-stm32.13.3.rel1.win32_1.0.0.202411081344/tools/bin/../lib/gcc/arm-none-eabi/13.3.1/../../../../arm-none-eabi/lib/thumb/v7e-m+fp/hard/crt0.o
LOAD ./Core/CAN_ADAPTER/adapter.o
LOAD ./Core/Src/main.o
LOAD ./Core/Src/stm32g4xx_hal_msp.o
LOAD ./Core/Src/stm32g4xx_it.o
LOAD ./Core/Src/syscalls.o
LOAD ./Core/Src/sysmem.o
LOAD ./Core/Src/system_stm32g4xx.o
LOAD ./Core/Startup/startup_stm32g431cbtx.o
LOAD ./Core/Template/source_file.o
LOAD ./Drivers/STM32G4xx_HAL_Driver/Src/stm32g4xx_hal.o
LOAD ./Drivers/STM32G4xx_HAL_Driver/Src/stm32g4xx_hal_cortex.o
LOAD ./Drivers/STM32G4xx_HAL_Driver/Src/stm32g4xx_hal_dma.o
LOAD ./Drivers/STM32G4xx_HAL_Driver/Src/stm32g4xx_hal_dma_ex.o
LOAD ./Drivers/STM32G4xx_HAL_Driver/Src/stm32g4xx_hal_exti.o
LOAD ./Drivers/STM32G4xx_HAL_Driver/Src/stm32g4xx_hal_fdcan.o
LOAD ./Drivers/STM32G4xx_HAL_Driver/Src/stm32g4xx_hal_flash.o
LOAD ./Drivers/STM32G4xx_HAL_Driver/Src/stm32g4xx_hal_flash_ex.o
LOAD ./Drivers/STM32G4xx_HAL_Driver/Src/stm32g4xx_hal_flash_ramfunc.o
LOAD ./Drivers/STM32G4xx_HAL_Driver/Src/stm32g4xx_hal_gpio.o
LOAD ./Drivers/STM32G4xx_HAL_Driver/Src/stm32g4xx_hal_pcd.o
LOAD ./Drivers/STM32G4xx_HAL_Driver/Src/stm32g4xx_hal_pcd_ex.o
LOAD ./Drivers/STM32G4xx_HAL_Driver/Src/stm32g4xx_hal_pwr.o
LOAD ./Drivers/STM32G4xx_HAL_Driver/Src/stm32g4xx_hal_pwr_ex.o
LOAD ./Drivers/STM32G4xx_HAL_Driver/Src/stm32g4xx_hal_rcc.o
LOAD ./Drivers/STM32G4xx_HAL_Driver/Src/stm32g4xx_hal_rcc_ex.o
LOAD ./Drivers/STM32G4xx_HAL_Driver/Src/stm32g4xx_hal_tim.o
LOAD ./Drivers/STM32G4xx_HAL_Driver/Src/stm32g4xx_hal_tim_ex.o
LOAD ./Drivers/STM32G4xx_HAL_Driver/Src/stm32g4xx_ll_dma.o
LOAD ./Drivers/STM32G4xx_HAL_Driver/Src/stm32g4xx_ll_exti.o
LOAD ./Drivers/STM32G4xx_HAL_Driver/Src/stm32g4xx_ll_gpio.o
LOAD ./Drivers/STM32G4xx_HAL_Driver/Src/stm32g4xx_ll_rcc.o
LOAD ./Drivers/STM32G4xx_HAL_Driver/Src/stm32g4xx_ll_usart.o
LOAD ./Drivers/STM32G4xx_HAL_Driver/Src/stm32g4xx_ll_usb.o
LOAD ./Drivers/STM32G4xx_HAL_Driver/Src/stm32g4xx_ll_utils.o
LOAD ./Middlewares/ST/STM32_USB_Device_Library/Class/CDC/Src/usbd_cdc.o
LOAD ./Middlewares/ST/STM32_USB_Device_Library/Core/Src/usbd_core.o
LOAD ./Middlewares/ST/STM32_USB_Device_Library/Core/Src/usbd_ctlreq.o
LOAD ./Middlewares/ST/STM32_USB_Device_Library/Core/Src/usbd_ioreq.o
LOAD ./USB_Device/App/usb_device.o
LOAD ./USB_Device/App/usbd_cdc_if.o
LOAD ./USB_Device/App/usbd_desc.o
LOAD ./USB_Device/Target/usbd_conf.o
START GROUP
LOAD C:/ST/STM32CubeIDE_1.18.1/STM32CubeIDE/plugins/com.st.stm32cube.ide.mcu.externaltools.gnu-tools-for-stm32.13.3.rel1.win32_1.0.0.202411081344/tools/bin/../lib/gcc/arm-none-eabi/13.3.1/../../../../arm-none-eabi/lib/thumb/v7e-m+fp/hard\libc_nano.a
LOAD C:/ST/STM32CubeIDE_1.18.1/STM32CubeIDE/plugins/com.st.stm32cube.ide.mcu.externaltools.gnu-tools-for-stm32.13.3.rel1.win32_1.0.0.202411081344/tools/bin/../lib/gcc/arm-none-eabi/13.3.1/../../../../arm-none-eabi/lib/thumb/v7e-m+fp/hard\libm.a
END GROUP
START GROUP
LOAD C:/ST/STM32CubeIDE_1.18.1/STM32CubeIDE/plugins/com.st.stm32cube.ide.mcu.externaltools.gnu-tools-for-stm32.13.3.rel1.win32_1.0.0.202411081344/tools/bin/../lib/gcc/arm-none-eabi/13.3.1/thumb/v7e-m+fp/hard\libgcc.a
LOAD C:/ST/STM32CubeIDE_1.18.1/STM32CubeIDE/plugins/com.st.stm32cube.ide.mcu.externaltools.gnu-tools-for-stm32.13.3.rel1.win32_1.0.0.202411081344/tools/bin/../lib/gcc/arm-none-eabi/13.3.1/../../../../arm-none-eabi/lib/thumb/v7e-m+fp/hard\libc_nano.a
END GROUP
START GROUP
LOAD C:/ST/STM32CubeIDE_1.18.1/STM32CubeIDE/plugins/com.st.stm32cube.ide.mcu.externaltools.gnu-tools-for-stm32.13.3.rel1.win32_1.0.0.202411081344/tools/bin/../lib/gcc/arm-none-eabi/13.3.1/thumb/v7e-m+fp/hard\libgcc.a
LOAD C:/ST/STM32CubeIDE_1.18.1/STM32CubeIDE/plugins/com.st.stm32cube.ide.mcu.externaltools.gnu-tools-for-stm32.13.3.rel1.win32_1.0.0.202411081344/tools/bin/../lib/gcc/arm-none-eabi/13.3.1/../../../../arm-none-eabi/lib/thumb/v7e-m+fp/hard\libc_nano.a
LOAD C:/ST/STM32CubeIDE_1.18.1/STM32CubeIDE/plugins/com.st.stm32cube.ide.mcu.externaltools.gnu-tools-for-stm32.13.3.rel1.win32_1.0.0.202411081344/tools/bin/../lib/gcc/arm-none-eabi/13.3.1/../../../../arm-none-eabi/lib/thumb/v7e-m+fp/hard\libnosys.a
END GROUP
START GROUP
LOAD C:/ST/STM32CubeIDE_1.18.1/STM32CubeIDE/plugins/com.st.stm32cube.ide.mcu.externaltools.gnu-tools-for-stm32.13.3.rel1.win32_1.0.0.202411081344/tools/bin/../lib/gcc/arm-none-eabi/13.3.1/thumb/v7e-m+fp/hard\libgcc.a
LOAD C:/ST/STM32CubeIDE_1.18.1/STM32CubeIDE/plugins/com.st.stm32cube.ide.mcu.externaltools.gnu-tools-for-stm32.13.3.rel1.win32_1.0.0.202411081344/tools/bin/../lib/gcc/arm-none-eabi/13.3.1/../../../../arm-none-eabi/lib/thumb/v7e-m+fp/hard\libc_nano.a
LOAD C:/ST/STM32CubeIDE_1.18.1/STM32CubeIDE/plugins/com.st.stm32cube.ide.mcu.externaltools.gnu-tools-for-stm32.13.3.rel1.win32_1.0.0.202411081344/tools/bin/../lib/gcc/arm-none-eabi/13.3.1/../../../../arm-none-eabi/lib/thumb/v7e-m+fp/hard\libnosys.a
END GROUP
LOAD C:/ST/STM32CubeIDE_1.18.1/STM32CubeIDE/plugins/com.st.stm32cube.ide.mcu.externaltools.gnu-tools-for-stm32.13.3.rel1.win32_1.0.0.202411081344/tools/bin/../lib/gcc/arm-none-eabi/13.3.1/thumb/v7e-m+fp/hard/crtend.o
LOAD C:/ST/STM32CubeIDE_1.18.1/STM32CubeIDE/plugins/com.st.stm32cube.ide.mcu.externaltools.gnu-tools-for-stm32.13.3.rel1.win32_1.0.0.202411081344/tools/bin/../lib/gcc/arm-none-eabi/13.3.1/thumb/v7e-m+fp/hard/crtn.o
                0x20008000                        _estack = (ORIGIN (RAM) + LENGTH (RAM))
                0x00000200                        _Min_Heap_Size = 0x200
                0x00000400                        _Min_Stack_Size = 0x400

.isr_vector     0x08000000      0x1d8
                0x08000000                        . = ALIGN (0x4)
 *(.isr_vector)
 .isr_vector    0x08000000      0x1d8 ./Core/Startup/startup_stm32g431cbtx.o
                0x08000000                g_pfnVectors
                0x080001d8                        . = ALIGN (0x4)

.text           0x080001d8     0x89e0
                0x080001d8                        . = ALIGN (0x4)
 *(.text)
 .text          0x080001d8       0x40 C:/ST/STM32CubeIDE_1.18.1/STM32CubeIDE/plugins/com.st.stm32cube.ide.mcu.externaltools.gnu-tools-for-stm32.13.3.rel1.win32_1.0.0.202411081344/tools/bin/../lib/gcc/arm-none-eabi/13.3.1/thumb/v7e-m+fp/hard/crtbegin.o
 *(.text*)
 .text.LL_RCC_HSE_Enable
                0x08000218       0x20 ./Core/Src/main.o
 .text.LL_RCC_HSE_IsReady
                0x08000238       0x28 ./Core/Src/main.o
 .text.LL_RCC_HSI48_Enable
                0x08000260       0x24 ./Core/Src/main.o
 .text.LL_RCC_HSI48_IsReady
                0x08000284       0x28 ./Core/Src/main.o
 .text.LL_RCC_SetSysClkSource
                0x080002ac       0x28 ./Core/Src/main.o
 .text.LL_RCC_GetSysClkSource
                0x080002d4       0x1c ./Core/Src/main.o
 .text.LL_RCC_SetAHBPrescaler
                0x080002f0       0x28 ./Core/Src/main.o
 .text.LL_RCC_SetAPB1Prescaler
                0x08000318       0x28 ./Core/Src/main.o
 .text.LL_RCC_SetAPB2Prescaler
                0x08000340       0x28 ./Core/Src/main.o
 .text.LL_RCC_SetUSARTClockSource
                0x08000368       0x34 ./Core/Src/main.o
 .text.LL_RCC_PLL_Enable
                0x0800039c       0x20 ./Core/Src/main.o
 .text.LL_RCC_PLL_IsReady
                0x080003bc       0x28 ./Core/Src/main.o
 .text.LL_RCC_PLL_ConfigDomain_SYS
                0x080003e4       0x40 ./Core/Src/main.o
 .text.LL_RCC_PLL_EnableDomain_SYS
                0x08000424       0x20 ./Core/Src/main.o
 .text.LL_AHB2_GRP1_EnableClock
                0x08000444       0x30 ./Core/Src/main.o
 .text.LL_APB2_GRP1_EnableClock
                0x08000474       0x30 ./Core/Src/main.o
 .text.LL_FLASH_SetLatency
                0x080004a4       0x28 ./Core/Src/main.o
 .text.LL_FLASH_GetLatency
                0x080004cc       0x1c ./Core/Src/main.o
 .text.LL_PWR_EnableRange1BoostMode
                0x080004e8       0x24 ./Core/Src/main.o
 .text.LL_USART_Enable
                0x0800050c       0x20 ./Core/Src/main.o
 .text.LL_USART_DisableFIFO
                0x0800052c       0x20 ./Core/Src/main.o
 .text.LL_USART_SetTXFIFOThreshold
                0x0800054c       0x4e ./Core/Src/main.o
 .text.LL_USART_SetRXFIFOThreshold
                0x0800059a       0x4e ./Core/Src/main.o
 .text.LL_USART_ConfigAsyncMode
                0x080005e8       0x2c ./Core/Src/main.o
 .text.LL_USART_IsActiveFlag_TEACK
                0x08000614       0x28 ./Core/Src/main.o
 .text.LL_USART_IsActiveFlag_REACK
                0x0800063c       0x28 ./Core/Src/main.o
 .text.LL_GPIO_ResetOutputPin
                0x08000664       0x1c ./Core/Src/main.o
 .text.main     0x08000680       0x24 ./Core/Src/main.o
                0x08000680                main
 .text.SystemClock_Config
                0x080006a4       0xbc ./Core/Src/main.o
                0x080006a4                SystemClock_Config
 .text.MX_FDCAN1_Init
                0x08000760       0x8c ./Core/Src/main.o
 .text.MX_TIM1_Init
                0x080007ec      0x15c ./Core/Src/main.o
 .text.MX_USART1_UART_Init
                0x08000948       0xfc ./Core/Src/main.o
 .text.MX_GPIO_Init
                0x08000a44       0x64 ./Core/Src/main.o
 .text.Error_Handler
                0x08000aa8        0xc ./Core/Src/main.o
                0x08000aa8                Error_Handler
 .text.LL_RCC_SetFDCANClockSource
                0x08000ab4       0x2c ./Core/Src/stm32g4xx_hal_msp.o
 .text.HAL_MspInit
                0x08000ae0       0x48 ./Core/Src/stm32g4xx_hal_msp.o
                0x08000ae0                HAL_MspInit
 .text.HAL_FDCAN_MspInit
                0x08000b28       0x90 ./Core/Src/stm32g4xx_hal_msp.o
                0x08000b28                HAL_FDCAN_MspInit
 .text.HAL_TIM_Base_MspInit
                0x08000bb8       0x40 ./Core/Src/stm32g4xx_hal_msp.o
                0x08000bb8                HAL_TIM_Base_MspInit
 .text.NMI_Handler
                0x08000bf8        0x8 ./Core/Src/stm32g4xx_it.o
                0x08000bf8                NMI_Handler
 .text.HardFault_Handler
                0x08000c00        0x8 ./Core/Src/stm32g4xx_it.o
                0x08000c00                HardFault_Handler
 .text.MemManage_Handler
                0x08000c08        0x8 ./Core/Src/stm32g4xx_it.o
                0x08000c08                MemManage_Handler
 .text.BusFault_Handler
                0x08000c10        0x8 ./Core/Src/stm32g4xx_it.o
                0x08000c10                BusFault_Handler
 .text.UsageFault_Handler
                0x08000c18        0x8 ./Core/Src/stm32g4xx_it.o
                0x08000c18                UsageFault_Handler
 .text.SVC_Handler
                0x08000c20        0xe ./Core/Src/stm32g4xx_it.o
                0x08000c20                SVC_Handler
 .text.DebugMon_Handler
                0x08000c2e        0xe ./Core/Src/stm32g4xx_it.o
                0x08000c2e                DebugMon_Handler
 .text.PendSV_Handler
                0x08000c3c        0xe ./Core/Src/stm32g4xx_it.o
                0x08000c3c                PendSV_Handler
 .text.SysTick_Handler
                0x08000c4a        0xc ./Core/Src/stm32g4xx_it.o
                0x08000c4a                SysTick_Handler
 *fill*         0x08000c56        0x2 
 .text.USB_LP_IRQHandler
                0x08000c58       0x14 ./Core/Src/stm32g4xx_it.o
                0x08000c58                USB_LP_IRQHandler
 .text.SystemInit
                0x08000c6c       0x24 ./Core/Src/system_stm32g4xx.o
                0x08000c6c                SystemInit
 .text.Reset_Handler
                0x08000c90       0x50 ./Core/Startup/startup_stm32g431cbtx.o
                0x08000c90                Reset_Handler
 .text.Default_Handler
                0x08000ce0        0x2 ./Core/Startup/startup_stm32g431cbtx.o
                0x08000ce0                RTC_Alarm_IRQHandler
                0x08000ce0                EXTI2_IRQHandler
                0x08000ce0                TIM8_TRG_COM_IRQHandler
                0x08000ce0                TIM8_CC_IRQHandler
                0x08000ce0                TIM1_CC_IRQHandler
                0x08000ce0                USB_HP_IRQHandler
                0x08000ce0                CORDIC_IRQHandler
                0x08000ce0                EXTI3_IRQHandler
                0x08000ce0                I2C3_ER_IRQHandler
                0x08000ce0                EXTI0_IRQHandler
                0x08000ce0                I2C2_EV_IRQHandler
                0x08000ce0                FPU_IRQHandler
                0x08000ce0                FDCAN1_IT1_IRQHandler
                0x08000ce0                TIM1_UP_TIM16_IRQHandler
                0x08000ce0                ADC1_2_IRQHandler
                0x08000ce0                SPI1_IRQHandler
                0x08000ce0                TIM6_DAC_IRQHandler
                0x08000ce0                TIM8_UP_IRQHandler
                0x08000ce0                DMA2_Channel2_IRQHandler
                0x08000ce0                DMA1_Channel4_IRQHandler
                0x08000ce0                USART3_IRQHandler
                0x08000ce0                TIM4_IRQHandler
                0x08000ce0                DMA2_Channel1_IRQHandler
                0x08000ce0                I2C1_EV_IRQHandler
                0x08000ce0                DMA1_Channel6_IRQHandler
                0x08000ce0                UART4_IRQHandler
                0x08000ce0                DMA2_Channel4_IRQHandler
                0x08000ce0                TIM3_IRQHandler
                0x08000ce0                RCC_IRQHandler
                0x08000ce0                DMA1_Channel1_IRQHandler
                0x08000ce0                Default_Handler
                0x08000ce0                RTC_TAMP_LSECSS_IRQHandler
                0x08000ce0                FMAC_IRQHandler
                0x08000ce0                EXTI15_10_IRQHandler
                0x08000ce0                TIM7_IRQHandler
                0x08000ce0                UCPD1_IRQHandler
                0x08000ce0                I2C3_EV_IRQHandler
                0x08000ce0                EXTI9_5_IRQHandler
                0x08000ce0                RTC_WKUP_IRQHandler
                0x08000ce0                PVD_PVM_IRQHandler
                0x08000ce0                SPI2_IRQHandler
                0x08000ce0                DMA2_Channel5_IRQHandler
                0x08000ce0                CRS_IRQHandler
                0x08000ce0                DMA1_Channel5_IRQHandler
                0x08000ce0                EXTI4_IRQHandler
                0x08000ce0                RNG_IRQHandler
                0x08000ce0                TIM1_TRG_COM_TIM17_IRQHandler
                0x08000ce0                DMA1_Channel3_IRQHandler
                0x08000ce0                WWDG_IRQHandler
                0x08000ce0                LPUART1_IRQHandler
                0x08000ce0                DMA2_Channel6_IRQHandler
                0x08000ce0                FDCAN1_IT0_IRQHandler
                0x08000ce0                TIM2_IRQHandler
                0x08000ce0                COMP1_2_3_IRQHandler
                0x08000ce0                EXTI1_IRQHandler
                0x08000ce0                USART2_IRQHandler
                0x08000ce0                I2C2_ER_IRQHandler
                0x08000ce0                DMA1_Channel2_IRQHandler
                0x08000ce0                TIM8_BRK_IRQHandler
                0x08000ce0                FLASH_IRQHandler
                0x08000ce0                USART1_IRQHandler
                0x08000ce0                SPI3_IRQHandler
                0x08000ce0                I2C1_ER_IRQHandler
                0x08000ce0                LPTIM1_IRQHandler
                0x08000ce0                DMAMUX_OVR_IRQHandler
                0x08000ce0                USBWakeUp_IRQHandler
                0x08000ce0                SAI1_IRQHandler
                0x08000ce0                DMA2_Channel3_IRQHandler
                0x08000ce0                COMP4_IRQHandler
                0x08000ce0                TIM1_BRK_TIM15_IRQHandler
 .text.HAL_Init
                0x08000ce2       0x30 ./Drivers/STM32G4xx_HAL_Driver/Src/stm32g4xx_hal.o
                0x08000ce2                HAL_Init
 *fill*         0x08000d12        0x2 
 .text.HAL_InitTick
                0x08000d14       0x74 ./Drivers/STM32G4xx_HAL_Driver/Src/stm32g4xx_hal.o
                0x08000d14                HAL_InitTick
 .text.HAL_IncTick
                0x08000d88       0x24 ./Drivers/STM32G4xx_HAL_Driver/Src/stm32g4xx_hal.o
                0x08000d88                HAL_IncTick
 .text.HAL_GetTick
                0x08000dac       0x18 ./Drivers/STM32G4xx_HAL_Driver/Src/stm32g4xx_hal.o
                0x08000dac                HAL_GetTick
 .text.__NVIC_SetPriorityGrouping
                0x08000dc4       0x48 ./Drivers/STM32G4xx_HAL_Driver/Src/stm32g4xx_hal_cortex.o
 .text.__NVIC_GetPriorityGrouping
                0x08000e0c       0x1c ./Drivers/STM32G4xx_HAL_Driver/Src/stm32g4xx_hal_cortex.o
 .text.__NVIC_EnableIRQ
                0x08000e28       0x3c ./Drivers/STM32G4xx_HAL_Driver/Src/stm32g4xx_hal_cortex.o
 .text.__NVIC_SetPriority
                0x08000e64       0x54 ./Drivers/STM32G4xx_HAL_Driver/Src/stm32g4xx_hal_cortex.o
 .text.NVIC_EncodePriority
                0x08000eb8       0x66 ./Drivers/STM32G4xx_HAL_Driver/Src/stm32g4xx_hal_cortex.o
 *fill*         0x08000f1e        0x2 
 .text.SysTick_Config
                0x08000f20       0x44 ./Drivers/STM32G4xx_HAL_Driver/Src/stm32g4xx_hal_cortex.o
 .text.HAL_NVIC_SetPriorityGrouping
                0x08000f64       0x16 ./Drivers/STM32G4xx_HAL_Driver/Src/stm32g4xx_hal_cortex.o
                0x08000f64                HAL_NVIC_SetPriorityGrouping
 .text.HAL_NVIC_SetPriority
                0x08000f7a       0x34 ./Drivers/STM32G4xx_HAL_Driver/Src/stm32g4xx_hal_cortex.o
                0x08000f7a                HAL_NVIC_SetPriority
 .text.HAL_NVIC_EnableIRQ
                0x08000fae       0x1c ./Drivers/STM32G4xx_HAL_Driver/Src/stm32g4xx_hal_cortex.o
                0x08000fae                HAL_NVIC_EnableIRQ
 .text.HAL_SYSTICK_Config
                0x08000fca       0x18 ./Drivers/STM32G4xx_HAL_Driver/Src/stm32g4xx_hal_cortex.o
                0x08000fca                HAL_SYSTICK_Config
 *fill*         0x08000fe2        0x2 
 .text.HAL_FDCAN_Init
                0x08000fe4      0x2b4 ./Drivers/STM32G4xx_HAL_Driver/Src/stm32g4xx_hal_fdcan.o
                0x08000fe4                HAL_FDCAN_Init
 .text.FDCAN_CalcultateRamBlockAddresses
                0x08001298       0xac ./Drivers/STM32G4xx_HAL_Driver/Src/stm32g4xx_hal_fdcan.o
 .text.HAL_GPIO_Init
                0x08001344      0x318 ./Drivers/STM32G4xx_HAL_Driver/Src/stm32g4xx_hal_gpio.o
                0x08001344                HAL_GPIO_Init
 .text.HAL_PCD_Init
                0x0800165c      0x19c ./Drivers/STM32G4xx_HAL_Driver/Src/stm32g4xx_hal_pcd.o
                0x0800165c                HAL_PCD_Init
 .text.HAL_PCD_Start
                0x080017f8       0x44 ./Drivers/STM32G4xx_HAL_Driver/Src/stm32g4xx_hal_pcd.o
                0x080017f8                HAL_PCD_Start
 .text.HAL_PCD_IRQHandler
                0x0800183c      0x24e ./Drivers/STM32G4xx_HAL_Driver/Src/stm32g4xx_hal_pcd.o
                0x0800183c                HAL_PCD_IRQHandler
 .text.HAL_PCD_SetAddress
                0x08001a8a       0x48 ./Drivers/STM32G4xx_HAL_Driver/Src/stm32g4xx_hal_pcd.o
                0x08001a8a                HAL_PCD_SetAddress
 .text.HAL_PCD_EP_Open
                0x08001ad2       0xbe ./Drivers/STM32G4xx_HAL_Driver/Src/stm32g4xx_hal_pcd.o
                0x08001ad2                HAL_PCD_EP_Open
 .text.HAL_PCD_EP_Close
                0x08001b90       0x90 ./Drivers/STM32G4xx_HAL_Driver/Src/stm32g4xx_hal_pcd.o
                0x08001b90                HAL_PCD_EP_Close
 .text.HAL_PCD_EP_Receive
                0x08001c20       0x62 ./Drivers/STM32G4xx_HAL_Driver/Src/stm32g4xx_hal_pcd.o
                0x08001c20                HAL_PCD_EP_Receive
 .text.HAL_PCD_EP_GetRxCount
                0x08001c82       0x30 ./Drivers/STM32G4xx_HAL_Driver/Src/stm32g4xx_hal_pcd.o
                0x08001c82                HAL_PCD_EP_GetRxCount
 .text.HAL_PCD_EP_Transmit
                0x08001cb2       0x6e ./Drivers/STM32G4xx_HAL_Driver/Src/stm32g4xx_hal_pcd.o
                0x08001cb2                HAL_PCD_EP_Transmit
 .text.HAL_PCD_EP_SetStall
                0x08001d20       0xa4 ./Drivers/STM32G4xx_HAL_Driver/Src/stm32g4xx_hal_pcd.o
                0x08001d20                HAL_PCD_EP_SetStall
 .text.HAL_PCD_EP_ClrStall
                0x08001dc4       0xa8 ./Drivers/STM32G4xx_HAL_Driver/Src/stm32g4xx_hal_pcd.o
                0x08001dc4                HAL_PCD_EP_ClrStall
 .text.PCD_EP_ISR_Handler
                0x08001e6c      0x71c ./Drivers/STM32G4xx_HAL_Driver/Src/stm32g4xx_hal_pcd.o
 .text.HAL_PCD_EP_DB_Receive
                0x08002588      0x212 ./Drivers/STM32G4xx_HAL_Driver/Src/stm32g4xx_hal_pcd.o
 .text.HAL_PCD_EP_DB_Transmit
                0x0800279a      0x878 ./Drivers/STM32G4xx_HAL_Driver/Src/stm32g4xx_hal_pcd.o
 .text.HAL_PCDEx_PMAConfig
                0x08003012       0x86 ./Drivers/STM32G4xx_HAL_Driver/Src/stm32g4xx_hal_pcd_ex.o
                0x08003012                HAL_PCDEx_PMAConfig
 .text.HAL_PCDEx_ActivateLPM
                0x08003098       0x54 ./Drivers/STM32G4xx_HAL_Driver/Src/stm32g4xx_hal_pcd_ex.o
                0x08003098                HAL_PCDEx_ActivateLPM
 .text.HAL_PWREx_DisableUCPDDeadBattery
                0x080030ec       0x20 ./Drivers/STM32G4xx_HAL_Driver/Src/stm32g4xx_hal_pwr_ex.o
                0x080030ec                HAL_PWREx_DisableUCPDDeadBattery
 .text.HAL_TIM_Base_Init
                0x0800310c       0xae ./Drivers/STM32G4xx_HAL_Driver/Src/stm32g4xx_hal_tim.o
                0x0800310c                HAL_TIM_Base_Init
 .text.HAL_TIM_PWM_Init
                0x080031ba       0xae ./Drivers/STM32G4xx_HAL_Driver/Src/stm32g4xx_hal_tim.o
                0x080031ba                HAL_TIM_PWM_Init
 .text.HAL_TIM_PWM_MspInit
                0x08003268       0x14 ./Drivers/STM32G4xx_HAL_Driver/Src/stm32g4xx_hal_tim.o
                0x08003268                HAL_TIM_PWM_MspInit
 .text.HAL_TIM_PWM_ConfigChannel
                0x0800327c      0x228 ./Drivers/STM32G4xx_HAL_Driver/Src/stm32g4xx_hal_tim.o
                0x0800327c                HAL_TIM_PWM_ConfigChannel
 .text.HAL_TIM_ConfigClockSource
                0x080034a4      0x1f4 ./Drivers/STM32G4xx_HAL_Driver/Src/stm32g4xx_hal_tim.o
                0x080034a4                HAL_TIM_ConfigClockSource
 .text.TIM_Base_SetConfig
                0x08003698      0x12c ./Drivers/STM32G4xx_HAL_Driver/Src/stm32g4xx_hal_tim.o
                0x08003698                TIM_Base_SetConfig
 .text.TIM_OC1_SetConfig
                0x080037c4      0x124 ./Drivers/STM32G4xx_HAL_Driver/Src/stm32g4xx_hal_tim.o
 .text.TIM_OC2_SetConfig
                0x080038e8      0x118 ./Drivers/STM32G4xx_HAL_Driver/Src/stm32g4xx_hal_tim.o
                0x080038e8                TIM_OC2_SetConfig
 .text.TIM_OC3_SetConfig
                0x08003a00      0x114 ./Drivers/STM32G4xx_HAL_Driver/Src/stm32g4xx_hal_tim.o
 .text.TIM_OC4_SetConfig
                0x08003b14      0x118 ./Drivers/STM32G4xx_HAL_Driver/Src/stm32g4xx_hal_tim.o
 .text.TIM_OC5_SetConfig
                0x08003c2c       0xc8 ./Drivers/STM32G4xx_HAL_Driver/Src/stm32g4xx_hal_tim.o
 .text.TIM_OC6_SetConfig
                0x08003cf4       0xcc ./Drivers/STM32G4xx_HAL_Driver/Src/stm32g4xx_hal_tim.o
 .text.TIM_TI1_ConfigInputStage
                0x08003dc0       0xa8 ./Drivers/STM32G4xx_HAL_Driver/Src/stm32g4xx_hal_tim.o
 .text.TIM_TI2_ConfigInputStage
                0x08003e68       0x84 ./Drivers/STM32G4xx_HAL_Driver/Src/stm32g4xx_hal_tim.o
 .text.TIM_ITRx_SetConfig
                0x08003eec       0x3a ./Drivers/STM32G4xx_HAL_Driver/Src/stm32g4xx_hal_tim.o
 .text.TIM_ETR_SetConfig
                0x08003f26       0x40 ./Drivers/STM32G4xx_HAL_Driver/Src/stm32g4xx_hal_tim.o
                0x08003f26                TIM_ETR_SetConfig
 *fill*         0x08003f66        0x2 
 .text.HAL_TIMEx_MasterConfigSynchronization
                0x08003f68      0x104 ./Drivers/STM32G4xx_HAL_Driver/Src/stm32g4xx_hal_tim_ex.o
                0x08003f68                HAL_TIMEx_MasterConfigSynchronization
 .text.HAL_TIMEx_ConfigBreakDeadTime
                0x0800406c      0x118 ./Drivers/STM32G4xx_HAL_Driver/Src/stm32g4xx_hal_tim_ex.o
                0x0800406c                HAL_TIMEx_ConfigBreakDeadTime
 .text.LL_GPIO_SetPinMode
                0x08004184       0x7a ./Drivers/STM32G4xx_HAL_Driver/Src/stm32g4xx_ll_gpio.o
 .text.LL_GPIO_SetPinOutputType
                0x080041fe       0x30 ./Drivers/STM32G4xx_HAL_Driver/Src/stm32g4xx_ll_gpio.o
 .text.LL_GPIO_SetPinSpeed
                0x0800422e       0x7a ./Drivers/STM32G4xx_HAL_Driver/Src/stm32g4xx_ll_gpio.o
 .text.LL_GPIO_SetPinPull
                0x080042a8       0x7a ./Drivers/STM32G4xx_HAL_Driver/Src/stm32g4xx_ll_gpio.o
 .text.LL_GPIO_SetAFPin_0_7
                0x08004322       0x7a ./Drivers/STM32G4xx_HAL_Driver/Src/stm32g4xx_ll_gpio.o
 .text.LL_GPIO_SetAFPin_8_15
                0x0800439c       0x7e ./Drivers/STM32G4xx_HAL_Driver/Src/stm32g4xx_ll_gpio.o
 .text.LL_GPIO_Init
                0x0800441a       0xdc ./Drivers/STM32G4xx_HAL_Driver/Src/stm32g4xx_ll_gpio.o
                0x0800441a                LL_GPIO_Init
 *fill*         0x080044f6        0x2 
 .text.LL_RCC_HSI_IsReady
                0x080044f8       0x28 ./Drivers/STM32G4xx_HAL_Driver/Src/stm32g4xx_ll_rcc.o
 .text.LL_RCC_LSE_IsReady
                0x08004520       0x28 ./Drivers/STM32G4xx_HAL_Driver/Src/stm32g4xx_ll_rcc.o
 .text.LL_RCC_GetSysClkSource
                0x08004548       0x1c ./Drivers/STM32G4xx_HAL_Driver/Src/stm32g4xx_ll_rcc.o
 .text.LL_RCC_GetAHBPrescaler
                0x08004564       0x1c ./Drivers/STM32G4xx_HAL_Driver/Src/stm32g4xx_ll_rcc.o
 .text.LL_RCC_GetAPB1Prescaler
                0x08004580       0x1c ./Drivers/STM32G4xx_HAL_Driver/Src/stm32g4xx_ll_rcc.o
 .text.LL_RCC_GetAPB2Prescaler
                0x0800459c       0x1c ./Drivers/STM32G4xx_HAL_Driver/Src/stm32g4xx_ll_rcc.o
 .text.LL_RCC_GetUSARTClockSource
                0x080045b8       0x28 ./Drivers/STM32G4xx_HAL_Driver/Src/stm32g4xx_ll_rcc.o
 .text.LL_RCC_GetUARTClockSource
                0x080045e0       0x28 ./Drivers/STM32G4xx_HAL_Driver/Src/stm32g4xx_ll_rcc.o
 .text.LL_RCC_PLL_GetMainSource
                0x08004608       0x1c ./Drivers/STM32G4xx_HAL_Driver/Src/stm32g4xx_ll_rcc.o
 .text.LL_RCC_PLL_GetN
                0x08004624       0x1c ./Drivers/STM32G4xx_HAL_Driver/Src/stm32g4xx_ll_rcc.o
 .text.LL_RCC_PLL_GetR
                0x08004640       0x1c ./Drivers/STM32G4xx_HAL_Driver/Src/stm32g4xx_ll_rcc.o
 .text.LL_RCC_PLL_GetDivider
                0x0800465c       0x1c ./Drivers/STM32G4xx_HAL_Driver/Src/stm32g4xx_ll_rcc.o
 .text.LL_RCC_GetUSARTClockFreq
                0x08004678      0x188 ./Drivers/STM32G4xx_HAL_Driver/Src/stm32g4xx_ll_rcc.o
                0x08004678                LL_RCC_GetUSARTClockFreq
 .text.LL_RCC_GetUARTClockFreq
                0x08004800       0x94 ./Drivers/STM32G4xx_HAL_Driver/Src/stm32g4xx_ll_rcc.o
                0x08004800                LL_RCC_GetUARTClockFreq
 .text.RCC_GetSystemClockFreq
                0x08004894       0x4c ./Drivers/STM32G4xx_HAL_Driver/Src/stm32g4xx_ll_rcc.o
 .text.RCC_GetHCLKClockFreq
                0x080048e0       0x30 ./Drivers/STM32G4xx_HAL_Driver/Src/stm32g4xx_ll_rcc.o
 .text.RCC_GetPCLK1ClockFreq
                0x08004910       0x2c ./Drivers/STM32G4xx_HAL_Driver/Src/stm32g4xx_ll_rcc.o
 .text.RCC_GetPCLK2ClockFreq
                0x0800493c       0x2c ./Drivers/STM32G4xx_HAL_Driver/Src/stm32g4xx_ll_rcc.o
 .text.RCC_PLL_GetFreqDomain_SYS
                0x08004968       0x68 ./Drivers/STM32G4xx_HAL_Driver/Src/stm32g4xx_ll_rcc.o
 .text.LL_USART_IsEnabled
                0x080049d0       0x26 ./Drivers/STM32G4xx_HAL_Driver/Src/stm32g4xx_ll_usart.o
 .text.LL_USART_SetPrescaler
                0x080049f6       0x28 ./Drivers/STM32G4xx_HAL_Driver/Src/stm32g4xx_ll_usart.o
 .text.LL_USART_SetStopBitsLength
                0x08004a1e       0x26 ./Drivers/STM32G4xx_HAL_Driver/Src/stm32g4xx_ll_usart.o
 .text.LL_USART_SetHWFlowCtrl
                0x08004a44       0x26 ./Drivers/STM32G4xx_HAL_Driver/Src/stm32g4xx_ll_usart.o
 *fill*         0x08004a6a        0x2 
 .text.LL_USART_SetBaudRate
                0x08004a6c       0xa0 ./Drivers/STM32G4xx_HAL_Driver/Src/stm32g4xx_ll_usart.o
 .text.LL_USART_Init
                0x08004b0c       0xf4 ./Drivers/STM32G4xx_HAL_Driver/Src/stm32g4xx_ll_usart.o
                0x08004b0c                LL_USART_Init
 .text.USB_EnableGlobalInt
                0x08004c00       0x2e ./Drivers/STM32G4xx_HAL_Driver/Src/stm32g4xx_ll_usb.o
                0x08004c00                USB_EnableGlobalInt
 .text.USB_DisableGlobalInt
                0x08004c2e       0x36 ./Drivers/STM32G4xx_HAL_Driver/Src/stm32g4xx_ll_usb.o
                0x08004c2e                USB_DisableGlobalInt
 .text.USB_DevInit
                0x08004c64       0x3c ./Drivers/STM32G4xx_HAL_Driver/Src/stm32g4xx_ll_usb.o
                0x08004c64                USB_DevInit
 .text.USB_ActivateEndpoint
                0x08004ca0      0x9d0 ./Drivers/STM32G4xx_HAL_Driver/Src/stm32g4xx_ll_usb.o
                0x08004ca0                USB_ActivateEndpoint
 .text.USB_DeactivateEndpoint
                0x08005670      0x3da ./Drivers/STM32G4xx_HAL_Driver/Src/stm32g4xx_ll_usb.o
                0x08005670                USB_DeactivateEndpoint
 .text.USB_EPStartXfer
                0x08005a4a      0xb5e ./Drivers/STM32G4xx_HAL_Driver/Src/stm32g4xx_ll_usb.o
                0x08005a4a                USB_EPStartXfer
 .text.USB_EPSetStall
                0x080065a8       0xa2 ./Drivers/STM32G4xx_HAL_Driver/Src/stm32g4xx_ll_usb.o
                0x080065a8                USB_EPSetStall
 .text.USB_EPClearStall
                0x0800664a      0x152 ./Drivers/STM32G4xx_HAL_Driver/Src/stm32g4xx_ll_usb.o
                0x0800664a                USB_EPClearStall
 .text.USB_SetDevAddress
                0x0800679c       0x28 ./Drivers/STM32G4xx_HAL_Driver/Src/stm32g4xx_ll_usb.o
                0x0800679c                USB_SetDevAddress
 .text.USB_DevConnect
                0x080067c4       0x2e ./Drivers/STM32G4xx_HAL_Driver/Src/stm32g4xx_ll_usb.o
                0x080067c4                USB_DevConnect
 .text.USB_ReadInterrupts
                0x080067f2       0x20 ./Drivers/STM32G4xx_HAL_Driver/Src/stm32g4xx_ll_usb.o
                0x080067f2                USB_ReadInterrupts
 .text.USB_WritePMA
                0x08006812       0x86 ./Drivers/STM32G4xx_HAL_Driver/Src/stm32g4xx_ll_usb.o
                0x08006812                USB_WritePMA
 .text.USB_ReadPMA
                0x08006898       0x98 ./Drivers/STM32G4xx_HAL_Driver/Src/stm32g4xx_ll_usb.o
                0x08006898                USB_ReadPMA
 .text.LL_SetSystemCoreClock
                0x08006930       0x20 ./Drivers/STM32G4xx_HAL_Driver/Src/stm32g4xx_ll_utils.o
                0x08006930                LL_SetSystemCoreClock
 .text.USBD_CDC_Init
                0x08006950       0xfe ./Middlewares/ST/STM32_USB_Device_Library/Class/CDC/Src/usbd_cdc.o
 .text.USBD_CDC_DeInit
                0x08006a4e       0x74 ./Middlewares/ST/STM32_USB_Device_Library/Class/CDC/Src/usbd_cdc.o
 *fill*         0x08006ac2        0x2 
 .text.USBD_CDC_Setup
                0x08006ac4      0x190 ./Middlewares/ST/STM32_USB_Device_Library/Class/CDC/Src/usbd_cdc.o
 .text.USBD_CDC_DataIn
                0x08006c54       0xca ./Middlewares/ST/STM32_USB_Device_Library/Class/CDC/Src/usbd_cdc.o
 .text.USBD_CDC_DataOut
                0x08006d1e       0x56 ./Middlewares/ST/STM32_USB_Device_Library/Class/CDC/Src/usbd_cdc.o
 .text.USBD_CDC_EP0_RxReady
                0x08006d74       0x58 ./Middlewares/ST/STM32_USB_Device_Library/Class/CDC/Src/usbd_cdc.o
 .text.USBD_CDC_GetFSCfgDesc
                0x08006dcc       0x20 ./Middlewares/ST/STM32_USB_Device_Library/Class/CDC/Src/usbd_cdc.o
 .text.USBD_CDC_GetHSCfgDesc
                0x08006dec       0x20 ./Middlewares/ST/STM32_USB_Device_Library/Class/CDC/Src/usbd_cdc.o
 .text.USBD_CDC_GetOtherSpeedCfgDesc
                0x08006e0c       0x20 ./Middlewares/ST/STM32_USB_Device_Library/Class/CDC/Src/usbd_cdc.o
 .text.USBD_CDC_GetDeviceQualifierDescriptor
                0x08006e2c       0x20 ./Middlewares/ST/STM32_USB_Device_Library/Class/CDC/Src/usbd_cdc.o
                0x08006e2c                USBD_CDC_GetDeviceQualifierDescriptor
 .text.USBD_CDC_RegisterInterface
                0x08006e4c       0x2a ./Middlewares/ST/STM32_USB_Device_Library/Class/CDC/Src/usbd_cdc.o
                0x08006e4c                USBD_CDC_RegisterInterface
 .text.USBD_CDC_SetTxBuffer
                0x08006e76       0x3c ./Middlewares/ST/STM32_USB_Device_Library/Class/CDC/Src/usbd_cdc.o
                0x08006e76                USBD_CDC_SetTxBuffer
 .text.USBD_CDC_SetRxBuffer
                0x08006eb2       0x32 ./Middlewares/ST/STM32_USB_Device_Library/Class/CDC/Src/usbd_cdc.o
                0x08006eb2                USBD_CDC_SetRxBuffer
 .text.USBD_CDC_ReceivePacket
                0x08006ee4       0x54 ./Middlewares/ST/STM32_USB_Device_Library/Class/CDC/Src/usbd_cdc.o
                0x08006ee4                USBD_CDC_ReceivePacket
 .text.USBD_Init
                0x08006f38       0x60 ./Middlewares/ST/STM32_USB_Device_Library/Core/Src/usbd_core.o
                0x08006f38                USBD_Init
 .text.USBD_RegisterClass
                0x08006f98       0x4e ./Middlewares/ST/STM32_USB_Device_Library/Core/Src/usbd_core.o
                0x08006f98                USBD_RegisterClass
 .text.USBD_Start
                0x08006fe6       0x18 ./Middlewares/ST/STM32_USB_Device_Library/Core/Src/usbd_core.o
                0x08006fe6                USBD_Start
 .text.USBD_RunTestMode
                0x08006ffe       0x16 ./Middlewares/ST/STM32_USB_Device_Library/Core/Src/usbd_core.o
                0x08006ffe                USBD_RunTestMode
 .text.USBD_SetClassConfig
                0x08007014       0x38 ./Middlewares/ST/STM32_USB_Device_Library/Core/Src/usbd_core.o
                0x08007014                USBD_SetClassConfig
 .text.USBD_ClrClassConfig
                0x0800704c       0x30 ./Middlewares/ST/STM32_USB_Device_Library/Core/Src/usbd_core.o
                0x0800704c                USBD_ClrClassConfig
 .text.USBD_LL_SetupStage
                0x0800707c       0xaa ./Middlewares/ST/STM32_USB_Device_Library/Core/Src/usbd_core.o
                0x0800707c                USBD_LL_SetupStage
 .text.USBD_LL_DataOutStage
                0x08007126       0xc6 ./Middlewares/ST/STM32_USB_Device_Library/Core/Src/usbd_core.o
                0x08007126                USBD_LL_DataOutStage
 .text.USBD_LL_DataInStage
                0x080071ec      0x12c ./Middlewares/ST/STM32_USB_Device_Library/Core/Src/usbd_core.o
                0x080071ec                USBD_LL_DataInStage
 .text.USBD_LL_Reset
                0x08007318       0x9c ./Middlewares/ST/STM32_USB_Device_Library/Core/Src/usbd_core.o
                0x08007318                USBD_LL_Reset
 .text.USBD_LL_SetSpeed
                0x080073b4       0x20 ./Middlewares/ST/STM32_USB_Device_Library/Core/Src/usbd_core.o
                0x080073b4                USBD_LL_SetSpeed
 .text.USBD_LL_Suspend
                0x080073d4       0x2c ./Middlewares/ST/STM32_USB_Device_Library/Core/Src/usbd_core.o
                0x080073d4                USBD_LL_Suspend
 .text.USBD_LL_Resume
                0x08007400       0x30 ./Middlewares/ST/STM32_USB_Device_Library/Core/Src/usbd_core.o
                0x08007400                USBD_LL_Resume
 .text.USBD_LL_SOF
                0x08007430       0x44 ./Middlewares/ST/STM32_USB_Device_Library/Core/Src/usbd_core.o
                0x08007430                USBD_LL_SOF
 .text.SWAPBYTE
                0x08007474       0x3e ./Middlewares/ST/STM32_USB_Device_Library/Core/Src/usbd_ctlreq.o
 *fill*         0x080074b2        0x2 
 .text.USBD_StdDevReq
                0x080074b4       0xdc ./Middlewares/ST/STM32_USB_Device_Library/Core/Src/usbd_ctlreq.o
                0x080074b4                USBD_StdDevReq
 .text.USBD_StdItfReq
                0x08007590       0x92 ./Middlewares/ST/STM32_USB_Device_Library/Core/Src/usbd_ctlreq.o
                0x08007590                USBD_StdItfReq
 .text.USBD_StdEPReq
                0x08007622      0x2c4 ./Middlewares/ST/STM32_USB_Device_Library/Core/Src/usbd_ctlreq.o
                0x08007622                USBD_StdEPReq
 *fill*         0x080078e6        0x2 
 .text.USBD_GetDescriptor
                0x080078e8      0x328 ./Middlewares/ST/STM32_USB_Device_Library/Core/Src/usbd_ctlreq.o
 .text.USBD_SetAddress
                0x08007c10       0x88 ./Middlewares/ST/STM32_USB_Device_Library/Core/Src/usbd_ctlreq.o
 .text.USBD_SetConfig
                0x08007c98      0x14c ./Middlewares/ST/STM32_USB_Device_Library/Core/Src/usbd_ctlreq.o
 .text.USBD_GetConfig
                0x08007de4       0x6c ./Middlewares/ST/STM32_USB_Device_Library/Core/Src/usbd_ctlreq.o
 .text.USBD_GetStatus
                0x08007e50       0x68 ./Middlewares/ST/STM32_USB_Device_Library/Core/Src/usbd_ctlreq.o
 .text.USBD_SetFeature
                0x08007eb8       0x28 ./Middlewares/ST/STM32_USB_Device_Library/Core/Src/usbd_ctlreq.o
 .text.USBD_ClrFeature
                0x08007ee0       0x44 ./Middlewares/ST/STM32_USB_Device_Library/Core/Src/usbd_ctlreq.o
 .text.USBD_ParseSetupRequest
                0x08007f24       0x74 ./Middlewares/ST/STM32_USB_Device_Library/Core/Src/usbd_ctlreq.o
                0x08007f24                USBD_ParseSetupRequest
 .text.USBD_CtlError
                0x08007f98       0x22 ./Middlewares/ST/STM32_USB_Device_Library/Core/Src/usbd_ctlreq.o
                0x08007f98                USBD_CtlError
 .text.USBD_GetString
                0x08007fba       0x8c ./Middlewares/ST/STM32_USB_Device_Library/Core/Src/usbd_ctlreq.o
                0x08007fba                USBD_GetString
 .text.USBD_GetLen
                0x08008046       0x34 ./Middlewares/ST/STM32_USB_Device_Library/Core/Src/usbd_ctlreq.o
 .text.USBD_CtlSendData
                0x0800807a       0x36 ./Middlewares/ST/STM32_USB_Device_Library/Core/Src/usbd_ioreq.o
                0x0800807a                USBD_CtlSendData
 .text.USBD_CtlContinueSendData
                0x080080b0       0x22 ./Middlewares/ST/STM32_USB_Device_Library/Core/Src/usbd_ioreq.o
                0x080080b0                USBD_CtlContinueSendData
 .text.USBD_CtlPrepareRx
                0x080080d2       0x3a ./Middlewares/ST/STM32_USB_Device_Library/Core/Src/usbd_ioreq.o
                0x080080d2                USBD_CtlPrepareRx
 .text.USBD_CtlContinueRx
                0x0800810c       0x22 ./Middlewares/ST/STM32_USB_Device_Library/Core/Src/usbd_ioreq.o
                0x0800810c                USBD_CtlContinueRx
 .text.USBD_CtlSendStatus
                0x0800812e       0x26 ./Middlewares/ST/STM32_USB_Device_Library/Core/Src/usbd_ioreq.o
                0x0800812e                USBD_CtlSendStatus
 .text.USBD_CtlReceiveStatus
                0x08008154       0x26 ./Middlewares/ST/STM32_USB_Device_Library/Core/Src/usbd_ioreq.o
                0x08008154                USBD_CtlReceiveStatus
 *fill*         0x0800817a        0x2 
 .text.MX_USB_Device_Init
                0x0800817c       0x60 ./USB_Device/App/usb_device.o
                0x0800817c                MX_USB_Device_Init
 .text.CDC_Init_FS
                0x080081dc       0x28 ./USB_Device/App/usbd_cdc_if.o
 .text.CDC_DeInit_FS
                0x08008204       0x10 ./USB_Device/App/usbd_cdc_if.o
 .text.CDC_Control_FS
                0x08008214       0xbc ./USB_Device/App/usbd_cdc_if.o
 .text.CDC_Receive_FS
                0x080082d0       0x28 ./USB_Device/App/usbd_cdc_if.o
 .text.CDC_TransmitCplt_FS
                0x080082f8       0x22 ./USB_Device/App/usbd_cdc_if.o
 *fill*         0x0800831a        0x2 
 .text.USBD_CDC_DeviceDescriptor
                0x0800831c       0x24 ./USB_Device/App/usbd_desc.o
                0x0800831c                USBD_CDC_DeviceDescriptor
 .text.USBD_CDC_LangIDStrDescriptor
                0x08008340       0x24 ./USB_Device/App/usbd_desc.o
                0x08008340                USBD_CDC_LangIDStrDescriptor
 .text.USBD_CDC_ProductStrDescriptor
                0x08008364       0x3c ./USB_Device/App/usbd_desc.o
                0x08008364                USBD_CDC_ProductStrDescriptor
 .text.USBD_CDC_ManufacturerStrDescriptor
                0x080083a0       0x28 ./USB_Device/App/usbd_desc.o
                0x080083a0                USBD_CDC_ManufacturerStrDescriptor
 .text.USBD_CDC_SerialStrDescriptor
                0x080083c8       0x24 ./USB_Device/App/usbd_desc.o
                0x080083c8                USBD_CDC_SerialStrDescriptor
 .text.USBD_CDC_ConfigStrDescriptor
                0x080083ec       0x3c ./USB_Device/App/usbd_desc.o
                0x080083ec                USBD_CDC_ConfigStrDescriptor
 .text.USBD_CDC_InterfaceStrDescriptor
                0x08008428       0x3c ./USB_Device/App/usbd_desc.o
                0x08008428                USBD_CDC_InterfaceStrDescriptor
 .text.Get_SerialNum
                0x08008464       0x58 ./USB_Device/App/usbd_desc.o
 .text.IntToUnicode
                0x080084bc       0x7e ./USB_Device/App/usbd_desc.o
 *fill*         0x0800853a        0x2 
 .text.LL_RCC_SetUSBClockSource
                0x0800853c       0x2c ./USB_Device/Target/usbd_conf.o
 .text.HAL_PCD_MspInit
                0x08008568       0x50 ./USB_Device/Target/usbd_conf.o
                0x08008568                HAL_PCD_MspInit
 .text.HAL_PCD_SetupStageCallback
                0x080085b8       0x24 ./USB_Device/Target/usbd_conf.o
                0x080085b8                HAL_PCD_SetupStageCallback
 .text.HAL_PCD_DataOutStageCallback
                0x080085dc       0x36 ./USB_Device/Target/usbd_conf.o
                0x080085dc                HAL_PCD_DataOutStageCallback
 .text.HAL_PCD_DataInStageCallback
                0x08008612       0x34 ./USB_Device/Target/usbd_conf.o
                0x08008612                HAL_PCD_DataInStageCallback
 .text.HAL_PCD_SOFCallback
                0x08008646       0x1c ./USB_Device/Target/usbd_conf.o
                0x08008646                HAL_PCD_SOFCallback
 .text.HAL_PCD_ResetCallback
                0x08008662       0x3c ./USB_Device/Target/usbd_conf.o
                0x08008662                HAL_PCD_ResetCallback
 *fill*         0x0800869e        0x2 
 .text.HAL_PCD_SuspendCallback
                0x080086a0       0x34 ./USB_Device/Target/usbd_conf.o
                0x080086a0                HAL_PCD_SuspendCallback
 .text.HAL_PCD_ResumeCallback
                0x080086d4       0x38 ./USB_Device/Target/usbd_conf.o
                0x080086d4                HAL_PCD_ResumeCallback
 .text.USBD_LL_Init
                0x0800870c       0xc0 ./USB_Device/Target/usbd_conf.o
                0x0800870c                USBD_LL_Init
 .text.USBD_LL_Start
                0x080087cc       0x36 ./USB_Device/Target/usbd_conf.o
                0x080087cc                USBD_LL_Start
 .text.USBD_LL_OpenEP
                0x08008802       0x4c ./USB_Device/Target/usbd_conf.o
                0x08008802                USBD_LL_OpenEP
 .text.USBD_LL_CloseEP
                0x0800884e       0x3e ./USB_Device/Target/usbd_conf.o
                0x0800884e                USBD_LL_CloseEP
 .text.USBD_LL_StallEP
                0x0800888c       0x3e ./USB_Device/Target/usbd_conf.o
                0x0800888c                USBD_LL_StallEP
 .text.USBD_LL_ClearStallEP
                0x080088ca       0x3e ./USB_Device/Target/usbd_conf.o
                0x080088ca                USBD_LL_ClearStallEP
 .text.USBD_LL_IsStallEP
                0x08008908       0x58 ./USB_Device/Target/usbd_conf.o
                0x08008908                USBD_LL_IsStallEP
 .text.USBD_LL_SetUSBAddress
                0x08008960       0x3e ./USB_Device/Target/usbd_conf.o
                0x08008960                USBD_LL_SetUSBAddress
 .text.USBD_LL_Transmit
                0x0800899e       0x42 ./USB_Device/Target/usbd_conf.o
                0x0800899e                USBD_LL_Transmit
 .text.USBD_LL_PrepareReceive
                0x080089e0       0x42 ./USB_Device/Target/usbd_conf.o
                0x080089e0                USBD_LL_PrepareReceive
 .text.USBD_LL_GetRxDataSize
                0x08008a22       0x26 ./USB_Device/Target/usbd_conf.o
                0x08008a22                USBD_LL_GetRxDataSize
 .text.HAL_PCDEx_LPM_Callback
                0x08008a48       0x6c ./USB_Device/Target/usbd_conf.o
                0x08008a48                HAL_PCDEx_LPM_Callback
 .text.USBD_static_malloc
                0x08008ab4       0x1c ./USB_Device/Target/usbd_conf.o
                0x08008ab4                USBD_static_malloc
 .text.USBD_static_free
                0x08008ad0       0x14 ./USB_Device/Target/usbd_conf.o
                0x08008ad0                USBD_static_free
 .text.SystemClockConfig_Resume
                0x08008ae4        0xc ./USB_Device/Target/usbd_conf.o
 .text.USBD_Get_USB_Status
                0x08008af0       0x58 ./USB_Device/Target/usbd_conf.o
 .text.memset   0x08008b48       0x10 C:/ST/STM32CubeIDE_1.18.1/STM32CubeIDE/plugins/com.st.stm32cube.ide.mcu.externaltools.gnu-tools-for-stm32.13.3.rel1.win32_1.0.0.202411081344/tools/bin/../lib/gcc/arm-none-eabi/13.3.1/../../../../arm-none-eabi/lib/thumb/v7e-m+fp/hard\libc_nano.a(libc_a-memset.o)
                0x08008b48                memset
 .text.__libc_init_array
                0x08008b58       0x48 C:/ST/STM32CubeIDE_1.18.1/STM32CubeIDE/plugins/com.st.stm32cube.ide.mcu.externaltools.gnu-tools-for-stm32.13.3.rel1.win32_1.0.0.202411081344/tools/bin/../lib/gcc/arm-none-eabi/13.3.1/../../../../arm-none-eabi/lib/thumb/v7e-m+fp/hard\libc_nano.a(libc_a-init.o)
                0x08008b58                __libc_init_array
 *(.glue_7)
 .glue_7        0x08008ba0        0x0 linker stubs
 *(.glue_7t)
 .glue_7t       0x08008ba0        0x0 linker stubs
 *(.eh_frame)
 .eh_frame      0x08008ba0        0x0 C:/ST/STM32CubeIDE_1.18.1/STM32CubeIDE/plugins/com.st.stm32cube.ide.mcu.externaltools.gnu-tools-for-stm32.13.3.rel1.win32_1.0.0.202411081344/tools/bin/../lib/gcc/arm-none-eabi/13.3.1/thumb/v7e-m+fp/hard/crtbegin.o
 *(.init)
 .init          0x08008ba0        0x4 C:/ST/STM32CubeIDE_1.18.1/STM32CubeIDE/plugins/com.st.stm32cube.ide.mcu.externaltools.gnu-tools-for-stm32.13.3.rel1.win32_1.0.0.202411081344/tools/bin/../lib/gcc/arm-none-eabi/13.3.1/thumb/v7e-m+fp/hard/crti.o
                0x08008ba0                _init
 .init          0x08008ba4        0x8 C:/ST/STM32CubeIDE_1.18.1/STM32CubeIDE/plugins/com.st.stm32cube.ide.mcu.externaltools.gnu-tools-for-stm32.13.3.rel1.win32_1.0.0.202411081344/tools/bin/../lib/gcc/arm-none-eabi/13.3.1/thumb/v7e-m+fp/hard/crtn.o
 *(.fini)
 .fini          0x08008bac        0x4 C:/ST/STM32CubeIDE_1.18.1/STM32CubeIDE/plugins/com.st.stm32cube.ide.mcu.externaltools.gnu-tools-for-stm32.13.3.rel1.win32_1.0.0.202411081344/tools/bin/../lib/gcc/arm-none-eabi/13.3.1/thumb/v7e-m+fp/hard/crti.o
                0x08008bac                _fini
 .fini          0x08008bb0        0x8 C:/ST/STM32CubeIDE_1.18.1/STM32CubeIDE/plugins/com.st.stm32cube.ide.mcu.externaltools.gnu-tools-for-stm32.13.3.rel1.win32_1.0.0.202411081344/tools/bin/../lib/gcc/arm-none-eabi/13.3.1/thumb/v7e-m+fp/hard/crtn.o
                0x08008bb8                        . = ALIGN (0x4)
                0x08008bb8                        _etext = .

.vfp11_veneer   0x08008bb8        0x0
 .vfp11_veneer  0x08008bb8        0x0 linker stubs

.v4_bx          0x08008bb8        0x0
 .v4_bx         0x08008bb8        0x0 linker stubs

.iplt           0x08008bb8        0x0
 .iplt          0x08008bb8        0x0 C:/ST/STM32CubeIDE_1.18.1/STM32CubeIDE/plugins/com.st.stm32cube.ide.mcu.externaltools.gnu-tools-for-stm32.13.3.rel1.win32_1.0.0.202411081344/tools/bin/../lib/gcc/arm-none-eabi/13.3.1/thumb/v7e-m+fp/hard/crtbegin.o

.rodata         0x08008bb8       0xa0
                0x08008bb8                        . = ALIGN (0x4)
 *(.rodata)
 .rodata        0x08008bb8       0x46 ./USB_Device/App/usbd_desc.o
 *(.rodata*)
 *fill*         0x08008bfe        0x2 
 .rodata.AHBPrescTable
                0x08008c00       0x10 ./Core/Src/system_stm32g4xx.o
                0x08008c00                AHBPrescTable
 .rodata.APBPrescTable
                0x08008c10        0x8 ./Core/Src/system_stm32g4xx.o
                0x08008c10                APBPrescTable
 .rodata.USART_PRESCALER_TAB
                0x08008c18       0x40 ./Drivers/STM32G4xx_HAL_Driver/Src/stm32g4xx_ll_usart.o
                0x08008c58                        . = ALIGN (0x4)

.ARM.extab      0x08008c58        0x0
                0x08008c58                        . = ALIGN (0x4)
 *(.ARM.extab* .gnu.linkonce.armextab.*)
                0x08008c58                        . = ALIGN (0x4)

.ARM            0x08008c58        0x0
                0x08008c58                        . = ALIGN (0x4)
                0x08008c58                        __exidx_start = .
 *(.ARM.exidx*)
                0x08008c58                        __exidx_end = .
                0x08008c58                        . = ALIGN (0x4)

.preinit_array  0x08008c58        0x0
                0x08008c58                        . = ALIGN (0x4)
                0x08008c58                        PROVIDE (__preinit_array_start = .)
 *(.preinit_array*)
                0x08008c58                        PROVIDE (__preinit_array_end = .)
                0x08008c58                        . = ALIGN (0x4)

.init_array     0x08008c58        0x4
                0x08008c58                        . = ALIGN (0x4)
                0x08008c58                        PROVIDE (__init_array_start = .)
 *(SORT_BY_NAME(.init_array.*))
 *(.init_array*)
 .init_array    0x08008c58        0x4 C:/ST/STM32CubeIDE_1.18.1/STM32CubeIDE/plugins/com.st.stm32cube.ide.mcu.externaltools.gnu-tools-for-stm32.13.3.rel1.win32_1.0.0.202411081344/tools/bin/../lib/gcc/arm-none-eabi/13.3.1/thumb/v7e-m+fp/hard/crtbegin.o
                0x08008c5c                        PROVIDE (__init_array_end = .)
                0x08008c5c                        . = ALIGN (0x4)

.fini_array     0x08008c5c        0x4
                0x08008c5c                        . = ALIGN (0x4)
                [!provide]                        PROVIDE (__fini_array_start = .)
 *(SORT_BY_NAME(.fini_array.*))
 *(.fini_array*)
 .fini_array    0x08008c5c        0x4 C:/ST/STM32CubeIDE_1.18.1/STM32CubeIDE/plugins/com.st.stm32cube.ide.mcu.externaltools.gnu-tools-for-stm32.13.3.rel1.win32_1.0.0.202411081344/tools/bin/../lib/gcc/arm-none-eabi/13.3.1/thumb/v7e-m+fp/hard/crtbegin.o
                [!provide]                        PROVIDE (__fini_array_end = .)
                0x08008c60                        . = ALIGN (0x4)
                0x08008c60                        _sidata = LOADADDR (.data)

.rel.dyn        0x08008c60        0x0
 .rel.iplt      0x08008c60        0x0 C:/ST/STM32CubeIDE_1.18.1/STM32CubeIDE/plugins/com.st.stm32cube.ide.mcu.externaltools.gnu-tools-for-stm32.13.3.rel1.win32_1.0.0.202411081344/tools/bin/../lib/gcc/arm-none-eabi/13.3.1/thumb/v7e-m+fp/hard/crtbegin.o

.data           0x20000000      0x184 load address 0x08008c60
                0x20000000                        . = ALIGN (0x4)
                0x20000000                        _sdata = .
 *(.data)
 *(.data*)
 .data.SystemCoreClock
                0x20000000        0x4 ./Core/Src/system_stm32g4xx.o
                0x20000000                SystemCoreClock
 .data.uwTickPrio
                0x20000004        0x4 ./Drivers/STM32G4xx_HAL_Driver/Src/stm32g4xx_hal.o
                0x20000004                uwTickPrio
 .data.uwTickFreq
                0x20000008        0x4 ./Drivers/STM32G4xx_HAL_Driver/Src/stm32g4xx_hal.o
                0x20000008                uwTickFreq
 .data.USBD_CDC_DeviceQualifierDesc
                0x2000000c        0xa ./Middlewares/ST/STM32_USB_Device_Library/Class/CDC/Src/usbd_cdc.o
 *fill*         0x20000016        0x2 
 .data.USBD_CDC
                0x20000018       0x38 ./Middlewares/ST/STM32_USB_Device_Library/Class/CDC/Src/usbd_cdc.o
                0x20000018                USBD_CDC
 .data.USBD_CDC_CfgHSDesc
                0x20000050       0x43 ./Middlewares/ST/STM32_USB_Device_Library/Class/CDC/Src/usbd_cdc.o
 *fill*         0x20000093        0x1 
 .data.USBD_CDC_CfgFSDesc
                0x20000094       0x43 ./Middlewares/ST/STM32_USB_Device_Library/Class/CDC/Src/usbd_cdc.o
 *fill*         0x200000d7        0x1 
 .data.USBD_CDC_OtherSpeedCfgDesc
                0x200000d8       0x43 ./Middlewares/ST/STM32_USB_Device_Library/Class/CDC/Src/usbd_cdc.o
 *fill*         0x2000011b        0x1 
 .data.USBD_Interface_fops_FS
                0x2000011c       0x14 ./USB_Device/App/usbd_cdc_if.o
                0x2000011c                USBD_Interface_fops_FS
 .data.CDC_Desc
                0x20000130       0x20 ./USB_Device/App/usbd_desc.o
                0x20000130                CDC_Desc
 .data.USBD_CDC_DeviceDesc
                0x20000150       0x12 ./USB_Device/App/usbd_desc.o
                0x20000150                USBD_CDC_DeviceDesc
 *fill*         0x20000162        0x2 
 .data.USBD_LangIDDesc
                0x20000164        0x4 ./USB_Device/App/usbd_desc.o
                0x20000164                USBD_LangIDDesc
 .data.USBD_StringSerial
                0x20000168       0x1a ./USB_Device/App/usbd_desc.o
                0x20000168                USBD_StringSerial
 *(.RamFunc)
 *(.RamFunc*)
                0x20000184                        . = ALIGN (0x4)
 *fill*         0x20000182        0x2 
                0x20000184                        _edata = .

.igot.plt       0x20000184        0x0 load address 0x08008de4
 .igot.plt      0x20000184        0x0 C:/ST/STM32CubeIDE_1.18.1/STM32CubeIDE/plugins/com.st.stm32cube.ide.mcu.externaltools.gnu-tools-for-stm32.13.3.rel1.win32_1.0.0.202411081344/tools/bin/../lib/gcc/arm-none-eabi/13.3.1/thumb/v7e-m+fp/hard/crtbegin.o
                0x20000184                        . = ALIGN (0x4)

.bss            0x20000184     0x12a0 load address 0x08008de4
                0x20000184                        _sbss = .
                0x20000184                        __bss_start__ = _sbss
 *(.bss)
 .bss           0x20000184       0x1c C:/ST/STM32CubeIDE_1.18.1/STM32CubeIDE/plugins/com.st.stm32cube.ide.mcu.externaltools.gnu-tools-for-stm32.13.3.rel1.win32_1.0.0.202411081344/tools/bin/../lib/gcc/arm-none-eabi/13.3.1/thumb/v7e-m+fp/hard/crtbegin.o
 *(.bss*)
 .bss.hfdcan1   0x200001a0       0x64 ./Core/Src/main.o
                0x200001a0                hfdcan1
 .bss.htim1     0x20000204       0x4c ./Core/Src/main.o
                0x20000204                htim1
 .bss.uwTick    0x20000250        0x4 ./Drivers/STM32G4xx_HAL_Driver/Src/stm32g4xx_hal.o
                0x20000250                uwTick
 .bss.cfgidx.0  0x20000254        0x1 ./Middlewares/ST/STM32_USB_Device_Library/Core/Src/usbd_ctlreq.o
 *fill*         0x20000255        0x3 
 .bss.hUsbDeviceFS
                0x20000258      0x2d0 ./USB_Device/App/usb_device.o
                0x20000258                hUsbDeviceFS
 .bss.UserRxBufferFS
                0x20000528      0x400 ./USB_Device/App/usbd_cdc_if.o
                0x20000528                UserRxBufferFS
 .bss.UserTxBufferFS
                0x20000928      0x400 ./USB_Device/App/usbd_cdc_if.o
                0x20000928                UserTxBufferFS
 .bss.USBD_StrDesc
                0x20000d28      0x200 ./USB_Device/App/usbd_desc.o
                0x20000d28                USBD_StrDesc
 .bss.hpcd_USB_FS
                0x20000f28      0x2dc ./USB_Device/Target/usbd_conf.o
                0x20000f28                hpcd_USB_FS
 .bss.mem.0     0x20001204      0x220 ./USB_Device/Target/usbd_conf.o
 *(COMMON)
                0x20001424                        . = ALIGN (0x4)
                0x20001424                        _ebss = .
                0x20001424                        __bss_end__ = _ebss

._user_heap_stack
                0x20001424      0x604 load address 0x08008de4
                0x20001428                        . = ALIGN (0x8)
 *fill*         0x20001424        0x4 
                [!provide]                        PROVIDE (end = .)
                0x20001428                        PROVIDE (_end = .)
                0x20001628                        . = (. + _Min_Heap_Size)
 *fill*         0x20001428      0x200 
                0x20001a28                        . = (. + _Min_Stack_Size)
 *fill*         0x20001628      0x400 
                0x20001a28                        . = ALIGN (0x8)

/DISCARD/
 libc.a(*)
 libm.a(*)
 libgcc.a(*)

.ARM.attributes
                0x00000000       0x30
 *(.ARM.attributes)
 .ARM.attributes
                0x00000000       0x22 C:/ST/STM32CubeIDE_1.18.1/STM32CubeIDE/plugins/com.st.stm32cube.ide.mcu.externaltools.gnu-tools-for-stm32.13.3.rel1.win32_1.0.0.202411081344/tools/bin/../lib/gcc/arm-none-eabi/13.3.1/thumb/v7e-m+fp/hard/crti.o
 .ARM.attributes
                0x00000022       0x34 C:/ST/STM32CubeIDE_1.18.1/STM32CubeIDE/plugins/com.st.stm32cube.ide.mcu.externaltools.gnu-tools-for-stm32.13.3.rel1.win32_1.0.0.202411081344/tools/bin/../lib/gcc/arm-none-eabi/13.3.1/thumb/v7e-m+fp/hard/crtbegin.o
 .ARM.attributes
                0x00000056       0x34 ./Core/Src/main.o
 .ARM.attributes
                0x0000008a       0x34 ./Core/Src/stm32g4xx_hal_msp.o
 .ARM.attributes
                0x000000be       0x34 ./Core/Src/stm32g4xx_it.o
 .ARM.attributes
                0x000000f2       0x34 ./Core/Src/system_stm32g4xx.o
 .ARM.attributes
                0x00000126       0x21 ./Core/Startup/startup_stm32g431cbtx.o
 .ARM.attributes
                0x00000147       0x34 ./Drivers/STM32G4xx_HAL_Driver/Src/stm32g4xx_hal.o
 .ARM.attributes
                0x0000017b       0x34 ./Drivers/STM32G4xx_HAL_Driver/Src/stm32g4xx_hal_cortex.o
 .ARM.attributes
                0x000001af       0x34 ./Drivers/STM32G4xx_HAL_Driver/Src/stm32g4xx_hal_fdcan.o
 .ARM.attributes
                0x000001e3       0x34 ./Drivers/STM32G4xx_HAL_Driver/Src/stm32g4xx_hal_gpio.o
 .ARM.attributes
                0x00000217       0x34 ./Drivers/STM32G4xx_HAL_Driver/Src/stm32g4xx_hal_pcd.o
 .ARM.attributes
                0x0000024b       0x34 ./Drivers/STM32G4xx_HAL_Driver/Src/stm32g4xx_hal_pcd_ex.o
 .ARM.attributes
                0x0000027f       0x34 ./Drivers/STM32G4xx_HAL_Driver/Src/stm32g4xx_hal_pwr_ex.o
 .ARM.attributes
                0x000002b3       0x34 ./Drivers/STM32G4xx_HAL_Driver/Src/stm32g4xx_hal_tim.o
 .ARM.attributes
                0x000002e7       0x34 ./Drivers/STM32G4xx_HAL_Driver/Src/stm32g4xx_hal_tim_ex.o
 .ARM.attributes
                0x0000031b       0x34 ./Drivers/STM32G4xx_HAL_Driver/Src/stm32g4xx_ll_gpio.o
 .ARM.attributes
                0x0000034f       0x34 ./Drivers/STM32G4xx_HAL_Driver/Src/stm32g4xx_ll_rcc.o
 .ARM.attributes
                0x00000383       0x34 ./Drivers/STM32G4xx_HAL_Driver/Src/stm32g4xx_ll_usart.o
 .ARM.attributes
                0x000003b7       0x34 ./Drivers/STM32G4xx_HAL_Driver/Src/stm32g4xx_ll_usb.o
 .ARM.attributes
                0x000003eb       0x34 ./Drivers/STM32G4xx_HAL_Driver/Src/stm32g4xx_ll_utils.o
 .ARM.attributes
                0x0000041f       0x34 ./Middlewares/ST/STM32_USB_Device_Library/Class/CDC/Src/usbd_cdc.o
 .ARM.attributes
                0x00000453       0x34 ./Middlewares/ST/STM32_USB_Device_Library/Core/Src/usbd_core.o
 .ARM.attributes
                0x00000487       0x34 ./Middlewares/ST/STM32_USB_Device_Library/Core/Src/usbd_ctlreq.o
 .ARM.attributes
                0x000004bb       0x34 ./Middlewares/ST/STM32_USB_Device_Library/Core/Src/usbd_ioreq.o
 .ARM.attributes
                0x000004ef       0x34 ./USB_Device/App/usb_device.o
 .ARM.attributes
                0x00000523       0x34 ./USB_Device/App/usbd_cdc_if.o
 .ARM.attributes
                0x00000557       0x34 ./USB_Device/App/usbd_desc.o
 .ARM.attributes
                0x0000058b       0x34 ./USB_Device/Target/usbd_conf.o
 .ARM.attributes
                0x000005bf       0x34 C:/ST/STM32CubeIDE_1.18.1/STM32CubeIDE/plugins/com.st.stm32cube.ide.mcu.externaltools.gnu-tools-for-stm32.13.3.rel1.win32_1.0.0.202411081344/tools/bin/../lib/gcc/arm-none-eabi/13.3.1/../../../../arm-none-eabi/lib/thumb/v7e-m+fp/hard\libc_nano.a(libc_a-memset.o)
 .ARM.attributes
                0x000005f3       0x34 C:/ST/STM32CubeIDE_1.18.1/STM32CubeIDE/plugins/com.st.stm32cube.ide.mcu.externaltools.gnu-tools-for-stm32.13.3.rel1.win32_1.0.0.202411081344/tools/bin/../lib/gcc/arm-none-eabi/13.3.1/../../../../arm-none-eabi/lib/thumb/v7e-m+fp/hard\libc_nano.a(libc_a-init.o)
 .ARM.attributes
                0x00000627       0x22 C:/ST/STM32CubeIDE_1.18.1/STM32CubeIDE/plugins/com.st.stm32cube.ide.mcu.externaltools.gnu-tools-for-stm32.13.3.rel1.win32_1.0.0.202411081344/tools/bin/../lib/gcc/arm-none-eabi/13.3.1/thumb/v7e-m+fp/hard/crtn.o
OUTPUT(CAN_ADAPTER.elf elf32-littlearm)
LOAD linker stubs
LOAD C:/ST/STM32CubeIDE_1.18.1/STM32CubeIDE/plugins/com.st.stm32cube.ide.mcu.externaltools.gnu-tools-for-stm32.13.3.rel1.win32_1.0.0.202411081344/tools/bin/../lib/gcc/arm-none-eabi/13.3.1/../../../../arm-none-eabi/lib/thumb/v7e-m+fp/hard\libc.a
LOAD C:/ST/STM32CubeIDE_1.18.1/STM32CubeIDE/plugins/com.st.stm32cube.ide.mcu.externaltools.gnu-tools-for-stm32.13.3.rel1.win32_1.0.0.202411081344/tools/bin/../lib/gcc/arm-none-eabi/13.3.1/../../../../arm-none-eabi/lib/thumb/v7e-m+fp/hard\libm.a
LOAD C:/ST/STM32CubeIDE_1.18.1/STM32CubeIDE/plugins/com.st.stm32cube.ide.mcu.externaltools.gnu-tools-for-stm32.13.3.rel1.win32_1.0.0.202411081344/tools/bin/../lib/gcc/arm-none-eabi/13.3.1/thumb/v7e-m+fp/hard\libgcc.a

.debug_info     0x00000000    0x18072
 .debug_info    0x00000000     0x1dad ./Core/Src/main.o
 .debug_info    0x00001dad     0x11bd ./Core/Src/stm32g4xx_hal_msp.o
 .debug_info    0x00002f6a      0x68a ./Core/Src/stm32g4xx_it.o
 .debug_info    0x000035f4      0x58e ./Core/Src/system_stm32g4xx.o
 .debug_info    0x00003b82       0x30 ./Core/Startup/startup_stm32g431cbtx.o
 .debug_info    0x00003bb2      0xadb ./Drivers/STM32G4xx_HAL_Driver/Src/stm32g4xx_hal.o
 .debug_info    0x0000468d      0xd3f ./Drivers/STM32G4xx_HAL_Driver/Src/stm32g4xx_hal_cortex.o
 .debug_info    0x000053cc     0x189b ./Drivers/STM32G4xx_HAL_Driver/Src/stm32g4xx_hal_fdcan.o
 .debug_info    0x00006c67      0x772 ./Drivers/STM32G4xx_HAL_Driver/Src/stm32g4xx_hal_gpio.o
 .debug_info    0x000073d9     0x166a ./Drivers/STM32G4xx_HAL_Driver/Src/stm32g4xx_hal_pcd.o
 .debug_info    0x00008a43      0x80a ./Drivers/STM32G4xx_HAL_Driver/Src/stm32g4xx_hal_pcd_ex.o
 .debug_info    0x0000924d      0x944 ./Drivers/STM32G4xx_HAL_Driver/Src/stm32g4xx_hal_pwr_ex.o
 .debug_info    0x00009b91     0x2c52 ./Drivers/STM32G4xx_HAL_Driver/Src/stm32g4xx_hal_tim.o
 .debug_info    0x0000c7e3     0x1d95 ./Drivers/STM32G4xx_HAL_Driver/Src/stm32g4xx_hal_tim_ex.o
 .debug_info    0x0000e578      0x965 ./Drivers/STM32G4xx_HAL_Driver/Src/stm32g4xx_ll_gpio.o
 .debug_info    0x0000eedd      0xb0b ./Drivers/STM32G4xx_HAL_Driver/Src/stm32g4xx_ll_rcc.o
 .debug_info    0x0000f9e8      0x7c3 ./Drivers/STM32G4xx_HAL_Driver/Src/stm32g4xx_ll_usart.o
 .debug_info    0x000101ab     0x1577 ./Drivers/STM32G4xx_HAL_Driver/Src/stm32g4xx_ll_usb.o
 .debug_info    0x00011722      0xbc6 ./Drivers/STM32G4xx_HAL_Driver/Src/stm32g4xx_ll_utils.o
 .debug_info    0x000122e8     0x1124 ./Middlewares/ST/STM32_USB_Device_Library/Class/CDC/Src/usbd_cdc.o
 .debug_info    0x0001340c      0xb1b ./Middlewares/ST/STM32_USB_Device_Library/Core/Src/usbd_core.o
 .debug_info    0x00013f27      0xa57 ./Middlewares/ST/STM32_USB_Device_Library/Core/Src/usbd_ctlreq.o
 .debug_info    0x0001497e      0x720 ./Middlewares/ST/STM32_USB_Device_Library/Core/Src/usbd_ioreq.o
 .debug_info    0x0001509e      0x6d7 ./USB_Device/App/usb_device.o
 .debug_info    0x00015775      0x8be ./USB_Device/App/usbd_cdc_if.o
 .debug_info    0x00016033      0x45f ./USB_Device/App/usbd_desc.o
 .debug_info    0x00016492     0x1be0 ./USB_Device/Target/usbd_conf.o

.debug_abbrev   0x00000000     0x3c4a
 .debug_abbrev  0x00000000      0x3c9 ./Core/Src/main.o
 .debug_abbrev  0x000003c9      0x22b ./Core/Src/stm32g4xx_hal_msp.o
 .debug_abbrev  0x000005f4      0x1aa ./Core/Src/stm32g4xx_it.o
 .debug_abbrev  0x0000079e      0x11a ./Core/Src/system_stm32g4xx.o
 .debug_abbrev  0x000008b8       0x24 ./Core/Startup/startup_stm32g431cbtx.o
 .debug_abbrev  0x000008dc      0x271 ./Drivers/STM32G4xx_HAL_Driver/Src/stm32g4xx_hal.o
 .debug_abbrev  0x00000b4d      0x31c ./Drivers/STM32G4xx_HAL_Driver/Src/stm32g4xx_hal_cortex.o
 .debug_abbrev  0x00000e69      0x1e7 ./Drivers/STM32G4xx_HAL_Driver/Src/stm32g4xx_hal_fdcan.o
 .debug_abbrev  0x00001050      0x1d2 ./Drivers/STM32G4xx_HAL_Driver/Src/stm32g4xx_hal_gpio.o
 .debug_abbrev  0x00001222      0x2b9 ./Drivers/STM32G4xx_HAL_Driver/Src/stm32g4xx_hal_pcd.o
 .debug_abbrev  0x000014db      0x228 ./Drivers/STM32G4xx_HAL_Driver/Src/stm32g4xx_hal_pcd_ex.o
 .debug_abbrev  0x00001703      0x22c ./Drivers/STM32G4xx_HAL_Driver/Src/stm32g4xx_hal_pwr_ex.o
 .debug_abbrev  0x0000192f      0x2a7 ./Drivers/STM32G4xx_HAL_Driver/Src/stm32g4xx_hal_tim.o
 .debug_abbrev  0x00001bd6      0x2c5 ./Drivers/STM32G4xx_HAL_Driver/Src/stm32g4xx_hal_tim_ex.o
 .debug_abbrev  0x00001e9b      0x23c ./Drivers/STM32G4xx_HAL_Driver/Src/stm32g4xx_ll_gpio.o
 .debug_abbrev  0x000020d7      0x234 ./Drivers/STM32G4xx_HAL_Driver/Src/stm32g4xx_ll_rcc.o
 .debug_abbrev  0x0000230b      0x1de ./Drivers/STM32G4xx_HAL_Driver/Src/stm32g4xx_ll_usart.o
 .debug_abbrev  0x000024e9      0x247 ./Drivers/STM32G4xx_HAL_Driver/Src/stm32g4xx_ll_usb.o
 .debug_abbrev  0x00002730      0x25e ./Drivers/STM32G4xx_HAL_Driver/Src/stm32g4xx_ll_utils.o
 .debug_abbrev  0x0000298e      0x2bc ./Middlewares/ST/STM32_USB_Device_Library/Class/CDC/Src/usbd_cdc.o
 .debug_abbrev  0x00002c4a      0x24f ./Middlewares/ST/STM32_USB_Device_Library/Core/Src/usbd_core.o
 .debug_abbrev  0x00002e99      0x27e ./Middlewares/ST/STM32_USB_Device_Library/Core/Src/usbd_ctlreq.o
 .debug_abbrev  0x00003117      0x1a9 ./Middlewares/ST/STM32_USB_Device_Library/Core/Src/usbd_ioreq.o
 .debug_abbrev  0x000032c0      0x1a4 ./USB_Device/App/usb_device.o
 .debug_abbrev  0x00003464      0x2ad ./USB_Device/App/usbd_cdc_if.o
 .debug_abbrev  0x00003711      0x20e ./USB_Device/App/usbd_desc.o
 .debug_abbrev  0x0000391f      0x32b ./USB_Device/Target/usbd_conf.o

.debug_aranges  0x00000000     0x1878
 .debug_aranges
                0x00000000      0x128 ./Core/Src/main.o
 .debug_aranges
                0x00000128       0x48 ./Core/Src/stm32g4xx_hal_msp.o
 .debug_aranges
                0x00000170       0x68 ./Core/Src/stm32g4xx_it.o
 .debug_aranges
                0x000001d8       0x28 ./Core/Src/system_stm32g4xx.o
 .debug_aranges
                0x00000200       0x28 ./Core/Startup/startup_stm32g431cbtx.o
 .debug_aranges
                0x00000228      0x148 ./Drivers/STM32G4xx_HAL_Driver/Src/stm32g4xx_hal.o
 .debug_aranges
                0x00000370      0x128 ./Drivers/STM32G4xx_HAL_Driver/Src/stm32g4xx_hal_cortex.o
 .debug_aranges
                0x00000498      0x208 ./Drivers/STM32G4xx_HAL_Driver/Src/stm32g4xx_hal_fdcan.o
 .debug_aranges
                0x000006a0       0x58 ./Drivers/STM32G4xx_HAL_Driver/Src/stm32g4xx_hal_gpio.o
 .debug_aranges
                0x000006f8      0x138 ./Drivers/STM32G4xx_HAL_Driver/Src/stm32g4xx_hal_pcd.o
 .debug_aranges
                0x00000830       0x58 ./Drivers/STM32G4xx_HAL_Driver/Src/stm32g4xx_hal_pcd_ex.o
 .debug_aranges
                0x00000888      0x140 ./Drivers/STM32G4xx_HAL_Driver/Src/stm32g4xx_hal_pwr_ex.o
 .debug_aranges
                0x000009c8      0x3e0 ./Drivers/STM32G4xx_HAL_Driver/Src/stm32g4xx_hal_tim.o
 .debug_aranges
                0x00000da8      0x240 ./Drivers/STM32G4xx_HAL_Driver/Src/stm32g4xx_hal_tim_ex.o
 .debug_aranges
                0x00000fe8       0x70 ./Drivers/STM32G4xx_HAL_Driver/Src/stm32g4xx_ll_gpio.o
 .debug_aranges
                0x00001058      0x1b8 ./Drivers/STM32G4xx_HAL_Driver/Src/stm32g4xx_ll_rcc.o
 .debug_aranges
                0x00001210       0x88 ./Drivers/STM32G4xx_HAL_Driver/Src/stm32g4xx_ll_usart.o
 .debug_aranges
                0x00001298       0xc8 ./Drivers/STM32G4xx_HAL_Driver/Src/stm32g4xx_ll_usb.o
 .debug_aranges
                0x00001360      0x100 ./Drivers/STM32G4xx_HAL_Driver/Src/stm32g4xx_ll_utils.o
 .debug_aranges
                0x00001460       0x90 ./Middlewares/ST/STM32_USB_Device_Library/Class/CDC/Src/usbd_cdc.o
 .debug_aranges
                0x000014f0       0xb8 ./Middlewares/ST/STM32_USB_Device_Library/Core/Src/usbd_core.o
 .debug_aranges
                0x000015a8       0x90 ./Middlewares/ST/STM32_USB_Device_Library/Core/Src/usbd_ctlreq.o
 .debug_aranges
                0x00001638       0x50 ./Middlewares/ST/STM32_USB_Device_Library/Core/Src/usbd_ioreq.o
 .debug_aranges
                0x00001688       0x20 ./USB_Device/App/usb_device.o
 .debug_aranges
                0x000016a8       0x48 ./USB_Device/App/usbd_cdc_if.o
 .debug_aranges
                0x000016f0       0x60 ./USB_Device/App/usbd_desc.o
 .debug_aranges
                0x00001750      0x128 ./USB_Device/Target/usbd_conf.o

.debug_rnglists
                0x00000000     0x128d
 .debug_rnglists
                0x00000000       0xdd ./Core/Src/main.o
 .debug_rnglists
                0x000000dd       0x32 ./Core/Src/stm32g4xx_hal_msp.o
 .debug_rnglists
                0x0000010f       0x49 ./Core/Src/stm32g4xx_it.o
 .debug_rnglists
                0x00000158       0x1a ./Core/Src/system_stm32g4xx.o
 .debug_rnglists
                0x00000172       0x19 ./Core/Startup/startup_stm32g431cbtx.o
 .debug_rnglists
                0x0000018b       0xf1 ./Drivers/STM32G4xx_HAL_Driver/Src/stm32g4xx_hal.o
 .debug_rnglists
                0x0000027c       0xda ./Drivers/STM32G4xx_HAL_Driver/Src/stm32g4xx_hal_cortex.o
 .debug_rnglists
                0x00000356      0x18d ./Drivers/STM32G4xx_HAL_Driver/Src/stm32g4xx_hal_fdcan.o
 .debug_rnglists
                0x000004e3       0x3f ./Drivers/STM32G4xx_HAL_Driver/Src/stm32g4xx_hal_gpio.o
 .debug_rnglists
                0x00000522       0xee ./Drivers/STM32G4xx_HAL_Driver/Src/stm32g4xx_hal_pcd.o
 .debug_rnglists
                0x00000610       0x3f ./Drivers/STM32G4xx_HAL_Driver/Src/stm32g4xx_hal_pcd_ex.o
 .debug_rnglists
                0x0000064f       0xf1 ./Drivers/STM32G4xx_HAL_Driver/Src/stm32g4xx_hal_pwr_ex.o
 .debug_rnglists
                0x00000740      0x32d ./Drivers/STM32G4xx_HAL_Driver/Src/stm32g4xx_hal_tim.o
 .debug_rnglists
                0x00000a6d      0x1cc ./Drivers/STM32G4xx_HAL_Driver/Src/stm32g4xx_hal_tim_ex.o
 .debug_rnglists
                0x00000c39       0x51 ./Drivers/STM32G4xx_HAL_Driver/Src/stm32g4xx_ll_gpio.o
 .debug_rnglists
                0x00000c8a      0x14d ./Drivers/STM32G4xx_HAL_Driver/Src/stm32g4xx_ll_rcc.o
 .debug_rnglists
                0x00000dd7       0x64 ./Drivers/STM32G4xx_HAL_Driver/Src/stm32g4xx_ll_usart.o
 .debug_rnglists
                0x00000e3b       0x99 ./Drivers/STM32G4xx_HAL_Driver/Src/stm32g4xx_ll_usb.o
 .debug_rnglists
                0x00000ed4       0xbf ./Drivers/STM32G4xx_HAL_Driver/Src/stm32g4xx_ll_utils.o
 .debug_rnglists
                0x00000f93       0x6a ./Middlewares/ST/STM32_USB_Device_Library/Class/CDC/Src/usbd_cdc.o
 .debug_rnglists
                0x00000ffd       0x89 ./Middlewares/ST/STM32_USB_Device_Library/Core/Src/usbd_core.o
 .debug_rnglists
                0x00001086       0x6e ./Middlewares/ST/STM32_USB_Device_Library/Core/Src/usbd_ctlreq.o
 .debug_rnglists
                0x000010f4       0x37 ./Middlewares/ST/STM32_USB_Device_Library/Core/Src/usbd_ioreq.o
 .debug_rnglists
                0x0000112b       0x13 ./USB_Device/App/usb_device.o
 .debug_rnglists
                0x0000113e       0x32 ./USB_Device/App/usbd_cdc_if.o
 .debug_rnglists
                0x00001170       0x43 ./USB_Device/App/usbd_desc.o
 .debug_rnglists
                0x000011b3       0xda ./USB_Device/Target/usbd_conf.o

.debug_macro    0x00000000     0x551f
 .debug_macro   0x00000000      0x3cd ./Core/Src/main.o
 .debug_macro   0x000003cd      0x269 ./Core/Src/stm32g4xx_hal_msp.o
 .debug_macro   0x00000636      0x273 ./Core/Src/stm32g4xx_it.o
 .debug_macro   0x000008a9      0x1e8 ./Core/Src/system_stm32g4xx.o
 .debug_macro   0x00000a91      0x236 ./Drivers/STM32G4xx_HAL_Driver/Src/stm32g4xx_hal.o
 .debug_macro   0x00000cc7      0x1e8 ./Drivers/STM32G4xx_HAL_Driver/Src/stm32g4xx_hal_cortex.o
 .debug_macro   0x00000eaf      0x2fa ./Drivers/STM32G4xx_HAL_Driver/Src/stm32g4xx_hal_fdcan.o
 .debug_macro   0x000011a9      0x1ef ./Drivers/STM32G4xx_HAL_Driver/Src/stm32g4xx_hal_gpio.o
 .debug_macro   0x00001398      0x1f4 ./Drivers/STM32G4xx_HAL_Driver/Src/stm32g4xx_hal_pcd.o
 .debug_macro   0x0000158c      0x1e8 ./Drivers/STM32G4xx_HAL_Driver/Src/stm32g4xx_hal_pcd_ex.o
 .debug_macro   0x00001774      0x212 ./Drivers/STM32G4xx_HAL_Driver/Src/stm32g4xx_hal_pwr_ex.o
 .debug_macro   0x00001986      0x1f0 ./Drivers/STM32G4xx_HAL_Driver/Src/stm32g4xx_hal_tim.o
 .debug_macro   0x00001b76      0x1ee ./Drivers/STM32G4xx_HAL_Driver/Src/stm32g4xx_hal_tim_ex.o
 .debug_macro   0x00001d64      0x22a ./Drivers/STM32G4xx_HAL_Driver/Src/stm32g4xx_ll_gpio.o
 .debug_macro   0x00001f8e      0x163 ./Drivers/STM32G4xx_HAL_Driver/Src/stm32g4xx_ll_gpio.o
 .debug_macro   0x000020f1      0x23f ./Drivers/STM32G4xx_HAL_Driver/Src/stm32g4xx_ll_rcc.o
 .debug_macro   0x00002330      0x5f1 ./Drivers/STM32G4xx_HAL_Driver/Src/stm32g4xx_ll_rcc.o
 .debug_macro   0x00002921      0x263 ./Drivers/STM32G4xx_HAL_Driver/Src/stm32g4xx_ll_usart.o
 .debug_macro   0x00002b84      0x409 ./Drivers/STM32G4xx_HAL_Driver/Src/stm32g4xx_ll_usart.o
 .debug_macro   0x00002f8d      0x1e8 ./Drivers/STM32G4xx_HAL_Driver/Src/stm32g4xx_ll_usb.o
 .debug_macro   0x00003175      0x2dc ./Drivers/STM32G4xx_HAL_Driver/Src/stm32g4xx_ll_utils.o
 .debug_macro   0x00003451       0x9a ./Drivers/STM32G4xx_HAL_Driver/Src/stm32g4xx_ll_utils.o
 .debug_macro   0x000034eb      0x377 ./Middlewares/ST/STM32_USB_Device_Library/Class/CDC/Src/usbd_cdc.o
 .debug_macro   0x00003862       0x9e ./Middlewares/ST/STM32_USB_Device_Library/Class/CDC/Src/usbd_cdc.o
 .debug_macro   0x00003900      0x112 ./Middlewares/ST/STM32_USB_Device_Library/Class/CDC/Src/usbd_cdc.o
 .debug_macro   0x00003a12       0x56 ./Middlewares/ST/STM32_USB_Device_Library/Class/CDC/Src/usbd_cdc.o
 .debug_macro   0x00003a68      0x35e ./Middlewares/ST/STM32_USB_Device_Library/Core/Src/usbd_core.o
 .debug_macro   0x00003dc6      0x1f5 ./Middlewares/ST/STM32_USB_Device_Library/Core/Src/usbd_core.o
 .debug_macro   0x00003fbb      0x368 ./Middlewares/ST/STM32_USB_Device_Library/Core/Src/usbd_ctlreq.o
 .debug_macro   0x00004323      0x364 ./Middlewares/ST/STM32_USB_Device_Library/Core/Src/usbd_ioreq.o
 .debug_macro   0x00004687      0x39d ./USB_Device/App/usb_device.o
 .debug_macro   0x00004a24       0x22 ./USB_Device/App/usb_device.o
 .debug_macro   0x00004a46       0x16 ./USB_Device/App/usb_device.o
 .debug_macro   0x00004a5c      0x382 ./USB_Device/App/usbd_cdc_if.o
 .debug_macro   0x00004dde      0x39b ./USB_Device/App/usbd_desc.o
 .debug_macro   0x00005179       0x1c ./USB_Device/App/usbd_desc.o
 .debug_macro   0x00005195      0x38a ./USB_Device/Target/usbd_conf.o

.debug_line     0x00000000    0x19f64
 .debug_line    0x00000000     0x10f5 ./Core/Src/main.o
 .debug_line    0x000010f5      0x946 ./Core/Src/stm32g4xx_hal_msp.o
 .debug_line    0x00001a3b      0x96c ./Core/Src/stm32g4xx_it.o
 .debug_line    0x000023a7      0x7fb ./Core/Src/system_stm32g4xx.o
 .debug_line    0x00002ba2       0x7b ./Core/Startup/startup_stm32g431cbtx.o
 .debug_line    0x00002c1d      0xbc7 ./Drivers/STM32G4xx_HAL_Driver/Src/stm32g4xx_hal.o
 .debug_line    0x000037e4      0xd2c ./Drivers/STM32G4xx_HAL_Driver/Src/stm32g4xx_hal_cortex.o
 .debug_line    0x00004510     0x1921 ./Drivers/STM32G4xx_HAL_Driver/Src/stm32g4xx_hal_fdcan.o
 .debug_line    0x00005e31      0xbb3 ./Drivers/STM32G4xx_HAL_Driver/Src/stm32g4xx_hal_gpio.o
 .debug_line    0x000069e4     0x1351 ./Drivers/STM32G4xx_HAL_Driver/Src/stm32g4xx_hal_pcd.o
 .debug_line    0x00007d35      0x915 ./Drivers/STM32G4xx_HAL_Driver/Src/stm32g4xx_hal_pcd_ex.o
 .debug_line    0x0000864a      0xd26 ./Drivers/STM32G4xx_HAL_Driver/Src/stm32g4xx_hal_pwr_ex.o
 .debug_line    0x00009370     0x3fbc ./Drivers/STM32G4xx_HAL_Driver/Src/stm32g4xx_hal_tim.o
 .debug_line    0x0000d32c     0x200e ./Drivers/STM32G4xx_HAL_Driver/Src/stm32g4xx_hal_tim_ex.o
 .debug_line    0x0000f33a      0xb2b ./Drivers/STM32G4xx_HAL_Driver/Src/stm32g4xx_ll_gpio.o
 .debug_line    0x0000fe65     0x1317 ./Drivers/STM32G4xx_HAL_Driver/Src/stm32g4xx_ll_rcc.o
 .debug_line    0x0001117c      0xa03 ./Drivers/STM32G4xx_HAL_Driver/Src/stm32g4xx_ll_usart.o
 .debug_line    0x00011b7f     0x104c ./Drivers/STM32G4xx_HAL_Driver/Src/stm32g4xx_ll_usb.o
 .debug_line    0x00012bcb      0xd2a ./Drivers/STM32G4xx_HAL_Driver/Src/stm32g4xx_ll_utils.o
 .debug_line    0x000138f5      0xdb9 ./Middlewares/ST/STM32_USB_Device_Library/Class/CDC/Src/usbd_cdc.o
 .debug_line    0x000146ae      0xe3d ./Middlewares/ST/STM32_USB_Device_Library/Core/Src/usbd_core.o
 .debug_line    0x000154eb     0x10d4 ./Middlewares/ST/STM32_USB_Device_Library/Core/Src/usbd_ctlreq.o
 .debug_line    0x000165bf      0xa9c ./Middlewares/ST/STM32_USB_Device_Library/Core/Src/usbd_ioreq.o
 .debug_line    0x0001705b      0xa68 ./USB_Device/App/usb_device.o
 .debug_line    0x00017ac3      0xabb ./USB_Device/App/usbd_cdc_if.o
 .debug_line    0x0001857e      0xb11 ./USB_Device/App/usbd_desc.o
 .debug_line    0x0001908f      0xed5 ./USB_Device/Target/usbd_conf.o

.debug_str      0x00000000    0xd8f95
 .debug_str     0x00000000    0xd8f95 ./Core/Src/main.o
                              0xd1439 (size before relaxing)
 .debug_str     0x000d8f95    0xcca28 ./Core/Src/stm32g4xx_hal_msp.o
 .debug_str     0x000d8f95    0xcc302 ./Core/Src/stm32g4xx_it.o
 .debug_str     0x000d8f95    0xbe75a ./Core/Src/system_stm32g4xx.o
 .debug_str     0x000d8f95       0x97 ./Core/Startup/startup_stm32g431cbtx.o
 .debug_str     0x000d8f95    0xbf299 ./Drivers/STM32G4xx_HAL_Driver/Src/stm32g4xx_hal.o
 .debug_str     0x000d8f95    0xbef55 ./Drivers/STM32G4xx_HAL_Driver/Src/stm32g4xx_hal_cortex.o
 .debug_str     0x000d8f95    0xbfd01 ./Drivers/STM32G4xx_HAL_Driver/Src/stm32g4xx_hal_fdcan.o
 .debug_str     0x000d8f95    0xbe8e5 ./Drivers/STM32G4xx_HAL_Driver/Src/stm32g4xx_hal_gpio.o
 .debug_str     0x000d8f95    0xbeed6 ./Drivers/STM32G4xx_HAL_Driver/Src/stm32g4xx_hal_pcd.o
 .debug_str     0x000d8f95    0xbeb12 ./Drivers/STM32G4xx_HAL_Driver/Src/stm32g4xx_hal_pcd_ex.o
 .debug_str     0x000d8f95    0xbec48 ./Drivers/STM32G4xx_HAL_Driver/Src/stm32g4xx_hal_pwr_ex.o
 .debug_str     0x000d8f95    0xbfc58 ./Drivers/STM32G4xx_HAL_Driver/Src/stm32g4xx_hal_tim.o
 .debug_str     0x000d8f95    0xbf8cc ./Drivers/STM32G4xx_HAL_Driver/Src/stm32g4xx_hal_tim_ex.o
 .debug_str     0x000d8f95    0xbffe0 ./Drivers/STM32G4xx_HAL_Driver/Src/stm32g4xx_ll_gpio.o
 .debug_str     0x000d8f95    0xc2658 ./Drivers/STM32G4xx_HAL_Driver/Src/stm32g4xx_ll_rcc.o
 .debug_str     0x000d8f95    0xc4af0 ./Drivers/STM32G4xx_HAL_Driver/Src/stm32g4xx_ll_usart.o
 .debug_str     0x000d8f95    0xbea13 ./Drivers/STM32G4xx_HAL_Driver/Src/stm32g4xx_ll_usb.o
 .debug_str     0x000d8f95    0xc501d ./Drivers/STM32G4xx_HAL_Driver/Src/stm32g4xx_ll_utils.o
 .debug_str     0x000d8f95    0xc3631 ./Middlewares/ST/STM32_USB_Device_Library/Class/CDC/Src/usbd_cdc.o
 .debug_str     0x000d8f95    0xc2f0d ./Middlewares/ST/STM32_USB_Device_Library/Core/Src/usbd_core.o
 .debug_str     0x000d8f95    0xc2e5f ./Middlewares/ST/STM32_USB_Device_Library/Core/Src/usbd_ctlreq.o
 .debug_str     0x000d8f95    0xc2d54 ./Middlewares/ST/STM32_USB_Device_Library/Core/Src/usbd_ioreq.o
 .debug_str     0x000d8f95    0xc3108 ./USB_Device/App/usb_device.o
 .debug_str     0x000d8f95    0xc3147 ./USB_Device/App/usbd_cdc_if.o
 .debug_str     0x000d8f95    0xc2c5e ./USB_Device/App/usbd_desc.o
 .debug_str     0x000d8f95    0xc731e ./USB_Device/Target/usbd_conf.o

.comment        0x00000000       0x43
 .comment       0x00000000       0x43 ./Core/Src/main.o
                                 0x44 (size before relaxing)
 .comment       0x00000043       0x44 ./Core/Src/stm32g4xx_hal_msp.o
 .comment       0x00000043       0x44 ./Core/Src/stm32g4xx_it.o
 .comment       0x00000043       0x44 ./Core/Src/system_stm32g4xx.o
 .comment       0x00000043       0x44 ./Drivers/STM32G4xx_HAL_Driver/Src/stm32g4xx_hal.o
 .comment       0x00000043       0x44 ./Drivers/STM32G4xx_HAL_Driver/Src/stm32g4xx_hal_cortex.o
 .comment       0x00000043       0x44 ./Drivers/STM32G4xx_HAL_Driver/Src/stm32g4xx_hal_fdcan.o
 .comment       0x00000043       0x44 ./Drivers/STM32G4xx_HAL_Driver/Src/stm32g4xx_hal_gpio.o
 .comment       0x00000043       0x44 ./Drivers/STM32G4xx_HAL_Driver/Src/stm32g4xx_hal_pcd.o
 .comment       0x00000043       0x44 ./Drivers/STM32G4xx_HAL_Driver/Src/stm32g4xx_hal_pcd_ex.o
 .comment       0x00000043       0x44 ./Drivers/STM32G4xx_HAL_Driver/Src/stm32g4xx_hal_pwr_ex.o
 .comment       0x00000043       0x44 ./Drivers/STM32G4xx_HAL_Driver/Src/stm32g4xx_hal_tim.o
 .comment       0x00000043       0x44 ./Drivers/STM32G4xx_HAL_Driver/Src/stm32g4xx_hal_tim_ex.o
 .comment       0x00000043       0x44 ./Drivers/STM32G4xx_HAL_Driver/Src/stm32g4xx_ll_gpio.o
 .comment       0x00000043       0x44 ./Drivers/STM32G4xx_HAL_Driver/Src/stm32g4xx_ll_rcc.o
 .comment       0x00000043       0x44 ./Drivers/STM32G4xx_HAL_Driver/Src/stm32g4xx_ll_usart.o
 .comment       0x00000043       0x44 ./Drivers/STM32G4xx_HAL_Driver/Src/stm32g4xx_ll_usb.o
 .comment       0x00000043       0x44 ./Drivers/STM32G4xx_HAL_Driver/Src/stm32g4xx_ll_utils.o
 .comment       0x00000043       0x44 ./Middlewares/ST/STM32_USB_Device_Library/Class/CDC/Src/usbd_cdc.o
 .comment       0x00000043       0x44 ./Middlewares/ST/STM32_USB_Device_Library/Core/Src/usbd_core.o
 .comment       0x00000043       0x44 ./Middlewares/ST/STM32_USB_Device_Library/Core/Src/usbd_ctlreq.o
 .comment       0x00000043       0x44 ./Middlewares/ST/STM32_USB_Device_Library/Core/Src/usbd_ioreq.o
 .comment       0x00000043       0x44 ./USB_Device/App/usb_device.o
 .comment       0x00000043       0x44 ./USB_Device/App/usbd_cdc_if.o
 .comment       0x00000043       0x44 ./USB_Device/App/usbd_desc.o
 .comment       0x00000043       0x44 ./USB_Device/Target/usbd_conf.o

.debug_frame    0x00000000     0x6764
 .debug_frame   0x00000000      0x4d8 ./Core/Src/main.o
 .debug_frame   0x000004d8       0xf4 ./Core/Src/stm32g4xx_hal_msp.o
 .debug_frame   0x000005cc      0x120 ./Core/Src/stm32g4xx_it.o
 .debug_frame   0x000006ec       0x58 ./Core/Src/system_stm32g4xx.o
 .debug_frame   0x00000744      0x500 ./Drivers/STM32G4xx_HAL_Driver/Src/stm32g4xx_hal.o
 .debug_frame   0x00000c44      0x4e8 ./Drivers/STM32G4xx_HAL_Driver/Src/stm32g4xx_hal_cortex.o
 .debug_frame   0x0000112c      0x9ac ./Drivers/STM32G4xx_HAL_Driver/Src/stm32g4xx_hal_fdcan.o
 .debug_frame   0x00001ad8      0x14c ./Drivers/STM32G4xx_HAL_Driver/Src/stm32g4xx_hal_gpio.o
 .debug_frame   0x00001c24      0x56c ./Drivers/STM32G4xx_HAL_Driver/Src/stm32g4xx_hal_pcd.o
 .debug_frame   0x00002190      0x14c ./Drivers/STM32G4xx_HAL_Driver/Src/stm32g4xx_hal_pcd_ex.o
 .debug_frame   0x000022dc      0x4fc ./Drivers/STM32G4xx_HAL_Driver/Src/stm32g4xx_hal_pwr_ex.o
 .debug_frame   0x000027d8     0x121c ./Drivers/STM32G4xx_HAL_Driver/Src/stm32g4xx_hal_tim.o
 .debug_frame   0x000039f4      0xa68 ./Drivers/STM32G4xx_HAL_Driver/Src/stm32g4xx_hal_tim_ex.o
 .debug_frame   0x0000445c      0x1c0 ./Drivers/STM32G4xx_HAL_Driver/Src/stm32g4xx_ll_gpio.o
 .debug_frame   0x0000461c      0x74c ./Drivers/STM32G4xx_HAL_Driver/Src/stm32g4xx_ll_rcc.o
 .debug_frame   0x00004d68      0x238 ./Drivers/STM32G4xx_HAL_Driver/Src/stm32g4xx_ll_usart.o
 .debug_frame   0x00004fa0      0x380 ./Drivers/STM32G4xx_HAL_Driver/Src/stm32g4xx_ll_usb.o
 .debug_frame   0x00005320      0x420 ./Drivers/STM32G4xx_HAL_Driver/Src/stm32g4xx_ll_utils.o
 .debug_frame   0x00005740      0x248 ./Middlewares/ST/STM32_USB_Device_Library/Class/CDC/Src/usbd_cdc.o
 .debug_frame   0x00005988      0x2f4 ./Middlewares/ST/STM32_USB_Device_Library/Core/Src/usbd_core.o
 .debug_frame   0x00005c7c      0x23c ./Middlewares/ST/STM32_USB_Device_Library/Core/Src/usbd_ctlreq.o
 .debug_frame   0x00005eb8      0x10c ./Middlewares/ST/STM32_USB_Device_Library/Core/Src/usbd_ioreq.o
 .debug_frame   0x00005fc4       0x2c ./USB_Device/App/usb_device.o
 .debug_frame   0x00005ff0       0xe4 ./USB_Device/App/usbd_cdc_if.o
 .debug_frame   0x000060d4      0x160 ./USB_Device/App/usbd_desc.o
 .debug_frame   0x00006234      0x4e4 ./USB_Device/Target/usbd_conf.o
 .debug_frame   0x00006718       0x20 C:/ST/STM32CubeIDE_1.18.1/STM32CubeIDE/plugins/com.st.stm32cube.ide.mcu.externaltools.gnu-tools-for-stm32.13.3.rel1.win32_1.0.0.202411081344/tools/bin/../lib/gcc/arm-none-eabi/13.3.1/../../../../arm-none-eabi/lib/thumb/v7e-m+fp/hard\libc_nano.a(libc_a-memset.o)
 .debug_frame   0x00006738       0x2c C:/ST/STM32CubeIDE_1.18.1/STM32CubeIDE/plugins/com.st.stm32cube.ide.mcu.externaltools.gnu-tools-for-stm32.13.3.rel1.win32_1.0.0.202411081344/tools/bin/../lib/gcc/arm-none-eabi/13.3.1/../../../../arm-none-eabi/lib/thumb/v7e-m+fp/hard\libc_nano.a(libc_a-init.o)

.debug_line_str
                0x00000000       0x7b
 .debug_line_str
                0x00000000       0x7b ./Core/Startup/startup_stm32g431cbtx.o
