../Drivers/STM32G4xx_HAL_Driver/Inc/stm32g4xx_ll_dma.h:517:22:LL_DMA_EnableChannel	24	static
../Drivers/STM32G4xx_HAL_Driver/Inc/stm32g4xx_ll_dma.h:539:22:LL_DMA_DisableChannel	24	static
../Drivers/STM32G4xx_HAL_Driver/Inc/stm32g4xx_ll_dma.h:561:26:LL_DMA_IsEnabledChannel	24	static
../Drivers/STM32G4xx_HAL_Driver/Inc/stm32g4xx_ll_dma.h:997:22:LL_DMA_SetDataLength	32	static
../Drivers/STM32G4xx_HAL_Driver/Inc/stm32g4xx_ll_dma.h:1022:26:LL_DMA_GetDataLength	24	static
../Drivers/STM32G4xx_HAL_Driver/Inc/stm32g4xx_ll_dma.h:1092:22:LL_DMA_SetMemoryAddress	32	static
../Drivers/STM32G4xx_HAL_Driver/Inc/stm32g4xx_ll_dma.h:1117:22:LL_DMA_SetPeriphAddress	32	static
../Drivers/STM32G4xx_HAL_Driver/Inc/stm32g4xx_ll_usart.h:638:22:LL_USART_Enable	16	static
../Drivers/STM32G4xx_HAL_Driver/Inc/stm32g4xx_ll_usart.h:652:22:LL_USART_Disable	16	static
../Drivers/STM32G4xx_HAL_Driver/Inc/stm32g4xx_ll_usart.h:862:22:LL_USART_EnableDirectionRx	40	static,ignoring_inline_asm
../Drivers/STM32G4xx_HAL_Driver/Inc/stm32g4xx_ll_usart.h:884:22:LL_USART_EnableDirectionTx	40	static,ignoring_inline_asm
../Drivers/STM32G4xx_HAL_Driver/Inc/stm32g4xx_ll_usart.h:2677:22:LL_USART_ConfigAsyncMode	16	static
../Drivers/STM32G4xx_HAL_Driver/Inc/stm32g4xx_ll_usart.h:4120:22:LL_USART_EnableDMAReq_RX	40	static,ignoring_inline_asm
../Drivers/STM32G4xx_HAL_Driver/Inc/stm32g4xx_ll_usart.h:4153:22:LL_USART_EnableDMAReq_TX	40	static,ignoring_inline_asm
../Core/COM_ADAPTER/uart_to_com.c:34:6:Send_USART_OUT	24	static
../Core/COM_ADAPTER/uart_to_com.c:66:6:USER_CDC_SetLineCoding	48	static
../Core/COM_ADAPTER/uart_to_com.c:119:6:Can_Adapter_Init	8	static
../Core/COM_ADAPTER/uart_to_com.c:138:6:Can_Adapter_Mainfunction	24	static
../Core/COM_ADAPTER/uart_to_com.c:167:6:CDC_User_Rx	24	static
