../Drivers/STM32G4xx_HAL_Driver/Inc/stm32g4xx_ll_rcc.h:1684:22:LL_RCC_SetUSBClockSource	16	static
../USB_Device/Target/usbd_conf.c:72:6:HAL_PCD_MspInit	24	static
../USB_Device/Target/usbd_conf.c:97:6:HAL_PCD_MspDeInit	16	static
../USB_Device/Target/usbd_conf.c:125:6:HAL_PCD_SetupStageCallback	16	static
../USB_Device/Target/usbd_conf.c:146:6:HAL_PCD_DataOutStageCallback	16	static
../USB_Device/Target/usbd_conf.c:167:6:HAL_PCD_DataInStageCallback	16	static
../USB_Device/Target/usbd_conf.c:187:6:HAL_PCD_SOFCallback	16	static
../USB_Device/Target/usbd_conf.c:207:6:HAL_PCD_ResetCallback	24	static
../USB_Device/Target/usbd_conf.c:238:6:HAL_PCD_SuspendCallback	16	static
../USB_Device/Target/usbd_conf.c:268:6:HAL_PCD_ResumeCallback	16	static
../USB_Device/Target/usbd_conf.c:299:6:HAL_PCD_ISOOUTIncompleteCallback	16	static
../USB_Device/Target/usbd_conf.c:320:6:HAL_PCD_ISOINIncompleteCallback	16	static
../USB_Device/Target/usbd_conf.c:340:6:HAL_PCD_ConnectCallback	16	static
../USB_Device/Target/usbd_conf.c:360:6:HAL_PCD_DisconnectCallback	16	static
../USB_Device/Target/usbd_conf.c:385:20:USBD_LL_Init	16	static
../USB_Device/Target/usbd_conf.c:450:20:USBD_LL_DeInit	24	static
../USB_Device/Target/usbd_conf.c:467:20:USBD_LL_Start	24	static
../USB_Device/Target/usbd_conf.c:484:20:USBD_LL_Stop	24	static
../USB_Device/Target/usbd_conf.c:504:20:USBD_LL_OpenEP	24	static
../USB_Device/Target/usbd_conf.c:522:20:USBD_LL_CloseEP	24	static
../USB_Device/Target/usbd_conf.c:540:20:USBD_LL_FlushEP	24	static
../USB_Device/Target/usbd_conf.c:558:20:USBD_LL_StallEP	24	static
../USB_Device/Target/usbd_conf.c:576:20:USBD_LL_ClearStallEP	24	static
../USB_Device/Target/usbd_conf.c:594:9:USBD_LL_IsStallEP	24	static
../USB_Device/Target/usbd_conf.c:614:20:USBD_LL_SetUSBAddress	24	static
../USB_Device/Target/usbd_conf.c:634:20:USBD_LL_Transmit	32	static
../USB_Device/Target/usbd_conf.c:654:20:USBD_LL_PrepareReceive	32	static
../USB_Device/Target/usbd_conf.c:672:10:USBD_LL_GetRxDataSize	16	static
../USB_Device/Target/usbd_conf.c:686:6:HAL_PCDEx_LPM_Callback	16	static
../USB_Device/Target/usbd_conf.c:722:6:USBD_LL_Delay	16	static
../USB_Device/Target/usbd_conf.c:732:7:USBD_static_malloc	16	static
../USB_Device/Target/usbd_conf.c:743:6:USBD_static_free	16	static
../USB_Device/Target/usbd_conf.c:754:13:SystemClockConfig_Resume	8	static
../USB_Device/Target/usbd_conf.c:765:20:USBD_Get_USB_Status	24	static
