../Drivers/STM32G4xx_HAL_Driver/Inc/stm32g4xx_ll_rcc.h:950:22:LL_RCC_HSE_Enable	1
../Drivers/STM32G4xx_HAL_Driver/Inc/stm32g4xx_ll_rcc.h:970:26:LL_RCC_HSE_IsReady	2
../Drivers/STM32G4xx_HAL_Driver/Inc/stm32g4xx_ll_rcc.h:1083:22:LL_RCC_HSI48_Enable	1
../Drivers/STM32G4xx_HAL_Driver/Inc/stm32g4xx_ll_rcc.h:1103:26:LL_RCC_HSI48_IsReady	2
../Drivers/STM32G4xx_HAL_Driver/Inc/stm32g4xx_ll_rcc.h:1346:22:LL_RCC_SetSysClkSource	1
../Drivers/STM32G4xx_HAL_Driver/Inc/stm32g4xx_ll_rcc.h:1359:26:LL_RCC_GetSysClkSource	1
../Drivers/STM32G4xx_HAL_Driver/Inc/stm32g4xx_ll_rcc.h:1379:22:LL_RCC_SetAHBPrescaler	1
../Drivers/STM32G4xx_HAL_Driver/Inc/stm32g4xx_ll_rcc.h:1395:22:LL_RCC_SetAPB1Prescaler	1
../Drivers/STM32G4xx_HAL_Driver/Inc/stm32g4xx_ll_rcc.h:1411:22:LL_RCC_SetAPB2Prescaler	1
../Drivers/STM32G4xx_HAL_Driver/Inc/stm32g4xx_ll_rcc.h:1527:22:LL_RCC_SetUSARTClockSource	1
../Drivers/STM32G4xx_HAL_Driver/Inc/stm32g4xx_ll_rcc.h:2063:22:LL_RCC_PLL_Enable	1
../Drivers/STM32G4xx_HAL_Driver/Inc/stm32g4xx_ll_rcc.h:2084:26:LL_RCC_PLL_IsReady	2
../Drivers/STM32G4xx_HAL_Driver/Inc/stm32g4xx_ll_rcc.h:2127:22:LL_RCC_PLL_ConfigDomain_SYS	1
../Drivers/STM32G4xx_HAL_Driver/Inc/stm32g4xx_ll_rcc.h:2456:22:LL_RCC_PLL_EnableDomain_SYS	1
../Drivers/STM32G4xx_HAL_Driver/Inc/stm32g4xx_ll_bus.h:451:22:LL_AHB2_GRP1_EnableClock	1
../Drivers/STM32G4xx_HAL_Driver/Inc/stm32g4xx_ll_bus.h:1427:22:LL_APB2_GRP1_EnableClock	1
../Drivers/STM32G4xx_HAL_Driver/Inc/stm32g4xx_ll_system.h:1292:22:LL_FLASH_SetLatency	1
../Drivers/STM32G4xx_HAL_Driver/Inc/stm32g4xx_ll_system.h:1320:26:LL_FLASH_GetLatency	1
../Drivers/STM32G4xx_HAL_Driver/Inc/stm32g4xx_ll_pwr.h:341:22:LL_PWR_EnableRange1BoostMode	1
../Drivers/STM32G4xx_HAL_Driver/Inc/stm32g4xx_ll_usart.h:638:22:LL_USART_Enable	1
../Drivers/STM32G4xx_HAL_Driver/Inc/stm32g4xx_ll_usart.h:689:22:LL_USART_DisableFIFO	1
../Drivers/STM32G4xx_HAL_Driver/Inc/stm32g4xx_ll_usart.h:722:22:LL_USART_SetTXFIFOThreshold	2
../Drivers/STM32G4xx_HAL_Driver/Inc/stm32g4xx_ll_usart.h:761:22:LL_USART_SetRXFIFOThreshold	2
../Drivers/STM32G4xx_HAL_Driver/Inc/stm32g4xx_ll_usart.h:2677:22:LL_USART_ConfigAsyncMode	1
../Drivers/STM32G4xx_HAL_Driver/Inc/stm32g4xx_ll_usart.h:3197:26:LL_USART_IsActiveFlag_TEACK	2
../Drivers/STM32G4xx_HAL_Driver/Inc/stm32g4xx_ll_usart.h:3208:26:LL_USART_IsActiveFlag_REACK	2
../Drivers/STM32G4xx_HAL_Driver/Inc/stm32g4xx_ll_gpio.h:923:22:LL_GPIO_ResetOutputPin	1
../Core/Src/main.c:71:5:main	1
../Core/Src/main.c:119:6:SystemClock_Config	8
../Core/Src/main.c:174:13:MX_FDCAN1_Init	2
../Core/Src/main.c:217:13:MX_TIM1_Init	7
../Core/Src/main.c:298:13:MX_USART1_UART_Init	3
../Core/Src/main.c:373:13:MX_GPIO_Init	1
../Core/Src/main.c:410:6:Error_Handler	1
