../Core/Src/main.c:93:6:HAL_UARTEx_RxEventCallback	32	static
../Core/Src/main.c:136:5:main	8	static
../Core/Src/main.c:192:6:SystemClock_Config	72	static
../Core/Src/main.c:229:13:MX_TIM2_Init	32	static
../Core/Src/main.c:274:13:MX_USART1_UART_Init	8	static
../Core/Src/main.c:307:13:MX_USART2_UART_Init	8	static
../Core/Src/main.c:340:13:MX_USART3_UART_Init	8	static
../Core/Src/main.c:371:13:MX_DMA_Init	16	static
../Core/Src/main.c:395:13:MX_GPIO_Init	24	static
../Core/Src/main.c:439:6:HAL_TIM_PeriodElapsedCallback	24	static
../Core/Src/main.c:471:6:Error_Handler	4	static,ignoring_inline_asm
