../Core/Src/main.c:112:6:HAL_UARTEx_RxEventCallback	14
../Core/Src/main.c:214:5:main	2
../Core/Src/main.c:298:6:SystemClock_Config	3
../Core/Src/main.c:344:13:MX_TIM2_Init	6
../Core/Src/main.c:402:13:MX_UART4_Init	2
../Core/Src/main.c:435:13:MX_UART5_Init	2
../Core/Src/main.c:468:13:MX_USART1_UART_Init	2
../Core/Src/main.c:501:13:MX_USART2_UART_Init	2
../Core/Src/main.c:534:13:MX_USART3_UART_Init	2
../Core/Src/main.c:567:13:MX_USART6_UART_Init	2
../Core/Src/main.c:598:13:MX_DMA_Init	1
../Core/Src/main.c:632:13:MX_GPIO_Init	1
../Core/Src/main.c:704:6:HAL_UART_ErrorCallback	26
../Core/Src/main.c:757:6:HAL_TIM_PeriodElapsedCallback	6
../Core/Src/main.c:811:6:Error_Handler	1
