../Core/Src/main.c:112:6:HAL_UARTEx_RxEventCallback	16	static
../Core/Src/main.c:214:5:main	8	static
../Core/Src/main.c:298:6:SystemClock_Config	88	static
../Core/Src/main.c:344:13:MX_TIM2_Init	64	static
../Core/Src/main.c:402:13:MX_UART4_Init	8	static
../Core/Src/main.c:435:13:MX_UART5_Init	8	static
../Core/Src/main.c:468:13:MX_USART1_UART_Init	8	static
../Core/Src/main.c:501:13:MX_USART2_UART_Init	8	static
../Core/Src/main.c:534:13:MX_USART3_UART_Init	8	static
../Core/Src/main.c:567:13:MX_USART6_UART_Init	8	static
../Core/Src/main.c:598:13:MX_DMA_Init	16	static
../Core/Src/main.c:632:13:MX_GPIO_Init	56	static
../Core/Src/main.c:704:6:HAL_UART_ErrorCallback	16	static
../Core/Src/main.c:757:6:HAL_TIM_PeriodElapsedCallback	24	static
../Core/Src/main.c:811:6:Error_Handler	4	static,ignoring_inline_asm
